This is XeTeX, Version 3.141592653-2.6-0.999997 (TeX Live 2025) (preloaded format=xelatex 2025.10.28)  30 MAY 2026 22:28
entering extended mode
 restricted \write18 enabled.
 %&-line parsing enabled.
**TA.tex
(./TA.tex
LaTeX2e <2025-06-01> patch level 1
L3 programming layer <2025-10-24>
(/usr/local/texlive/2025basic/texmf-dist/tex/latex/base/book.cls
Document Class: book 2025/01/22 v1.4n Standard LaTeX document class
(/usr/local/texlive/2025basic/texmf-dist/tex/latex/base/bk12.clo
File: bk12.clo 2025/01/22 v1.4n Standard LaTeX file (size option)
)
\c@part=\count271
\c@chapter=\count272
\c@section=\count273
\c@subsection=\count274
\c@subsubsection=\count275
\c@paragraph=\count276
\c@subparagraph=\count277
\c@figure=\count278
\c@table=\count279
\abovecaptionskip=\skip49
\belowcaptionskip=\skip50
\bibindent=\dimen148
)
(/usr/local/texlive/2025basic/texmf-dist/tex/latex/base/inputenc.sty
Package: inputenc 2024/02/08 v1.3d Input encoding file
\inpenc@prehook=\toks17
\inpenc@posthook=\toks18


Package inputenc Warning: inputenc package ignored with utf8 based engines.

) (/usr/local/texlive/2025basic/texmf-dist/tex/latex/fontspec/fontspec.sty
(/usr/local/texlive/2025basic/texmf-dist/tex/latex/l3packages/xparse/xparse.sty
(/usr/local/texlive/2025basic/texmf-dist/tex/latex/l3kernel/expl3.sty
Package: expl3 2025-10-24 L3 programming layer (loader) 

(/usr/local/texlive/2025basic/texmf-dist/tex/latex/l3backend/l3backend-xetex.de
f
File: l3backend-xetex.def 2025-10-09 L3 backend support: XeTeX
\g__graphics_track_int=\count280
\g__pdfannot_backend_int=\count281
\g__pdfannot_backend_link_int=\count282
))
Package: xparse 2025-10-09 L3 Experimental document command parser
)
Package: fontspec 2025/09/29 v2.9g Font selection for XeLaTeX and LuaLaTeX

(/usr/local/texlive/2025basic/texmf-dist/tex/latex/fontspec/fontspec-xetex.sty
Package: fontspec-xetex 2025/09/29 v2.9g Font selection for XeLaTeX and LuaLaTe
X
\l__fontspec_script_int=\count283
\l__fontspec_language_int=\count284
\l__fontspec_strnum_int=\count285
\l__fontspec_tmp_int=\count286
\l__fontspec_tmpa_int=\count287
\l__fontspec_tmpb_int=\count288
\l__fontspec_tmpc_int=\count289
\l__fontspec_em_int=\count290
\l__fontspec_emdef_int=\count291
\l__fontspec_strong_int=\count292
\l__fontspec_strongdef_int=\count293
\l__fontspec_tmpa_dim=\dimen149
\l__fontspec_tmpb_dim=\dimen150
\l__fontspec_tmpc_dim=\dimen151

(/usr/local/texlive/2025basic/texmf-dist/tex/latex/base/fontenc.sty
Package: fontenc 2024/12/21 v2.1c Standard LaTeX package
)
(/usr/local/texlive/2025basic/texmf-dist/tex/latex/fontspec/fontspec.cfg)))
(/usr/local/texlive/2025basic/texmf-dist/tex/generic/babel/babel.sty
Package: babel 2025/10/22 v25.14 The multilingual framework for LuaLaTeX, pdfLa
TeX and XeLaTeX
\babel@savecnt=\count294
LaTeX Encoding Info:    Redeclaring text command \ij (encoding OT1) on input li
ne 2050.
LaTeX Encoding Info:    Redeclaring text command \IJ (encoding OT1) on input li
ne 2052.
LaTeX Encoding Info:    Redeclaring text command \ij (encoding T1) on input lin
e 2054.
LaTeX Encoding Info:    Redeclaring text command \IJ (encoding T1) on input lin
e 2055.
LaTeX Encoding Info:    Ignoring declaration for text command \ij (encoding ?) 
on input line 2056.
LaTeX Encoding Info:    Ignoring declaration for text command \IJ (encoding ?) 
on input line 2058.
LaTeX Encoding Info:    Ignoring declaration for text command \SS (encoding ?) 
on input line 2083.
\U@D=\dimen152
\l@unhyphenated=\language24

(/usr/local/texlive/2025basic/texmf-dist/tex/generic/babel/xebabel.def)
\bbl@readstream=\read2
\bbl@dirlevel=\count295

(/usr/local/texlive/2025basic/texmf-dist/tex/generic/babel/locale/id/babel-indo
nesian.tex)
Package babel Info: Importing font and identification data for indonesian
(babel)             from babel-id.ini. Reported on input line 4295.

(/Users/rafidhiyaulh/Library/texmf/tex/generic/babel-indonesian/indonesian.ldf
Language: indonesian 2025/06/01 v1.0n Bahasa Indonesia support from the babel s
ystem
)) (/Users/rafidhiyaulh/Library/texmf/tex/latex/csquotes/csquotes.sty
Package: csquotes 2024-04-04 v5.2o context-sensitive quotations (JAW)

(/usr/local/texlive/2025basic/texmf-dist/tex/latex/etoolbox/etoolbox.sty
Package: etoolbox 2025/10/02 v2.5m e-TeX tools for LaTeX (JAW)
\etb@tempcnta=\count296
)
(/usr/local/texlive/2025basic/texmf-dist/tex/latex/graphics/keyval.sty
Package: keyval 2022/05/29 v1.15 key=value parser (DPC)
\KV@toks@=\toks19
)
\csq@reset=\count297
\csq@gtype=\count298
\csq@glevel=\count299
\csq@qlevel=\count300
\csq@maxlvl=\count301
\csq@tshold=\count302
\csq@ltx@everypar=\toks20

(/Users/rafidhiyaulh/Library/texmf/tex/latex/csquotes/csquotes.def
File: csquotes.def 2024-04-04 v5.2o csquotes generic definitions (JAW)
)
Package csquotes Info: Trying to load configuration file 'csquotes.cfg'...
Package csquotes Info: ... configuration file loaded successfully.

(/Users/rafidhiyaulh/Library/texmf/tex/latex/csquotes/csquotes.cfg
File: csquotes.cfg 
))
(/usr/local/texlive/2025basic/texmf-dist/tex/latex/setspace/setspace.sty
Package: setspace 2022/12/04 v6.7b set line spacing
)
(/usr/local/texlive/2025basic/texmf-dist/tex/latex/graphics/graphicx.sty
Package: graphicx 2024/12/31 v1.2e Enhanced LaTeX Graphics (DPC,SPQR)

(/usr/local/texlive/2025basic/texmf-dist/tex/latex/graphics/graphics.sty
Package: graphics 2024/08/06 v1.4g Standard LaTeX Graphics (DPC,SPQR)

(/usr/local/texlive/2025basic/texmf-dist/tex/latex/graphics/trig.sty
Package: trig 2023/12/02 v1.11 sin cos tan (DPC)
)
(/usr/local/texlive/2025basic/texmf-dist/tex/latex/graphics-cfg/graphics.cfg
File: graphics.cfg 2016/06/04 v1.11 sample graphics configuration
)
Package graphics Info: Driver file: xetex.def on input line 106.

(/usr/local/texlive/2025basic/texmf-dist/tex/latex/graphics-def/xetex.def
File: xetex.def 2025/09/29 v5.0o Graphics/color driver for xetex
))
\Gin@req@height=\dimen153
\Gin@req@width=\dimen154
)
(/usr/local/texlive/2025basic/texmf-dist/tex/latex/caption/caption.sty
Package: caption 2023/08/05 v3.6o Customizing captions (AR)

(/usr/local/texlive/2025basic/texmf-dist/tex/latex/caption/caption3.sty
Package: caption3 2023/07/31 v2.4d caption3 kernel (AR)
\caption@tempdima=\dimen155
\captionmargin=\dimen156
\caption@leftmargin=\dimen157
\caption@rightmargin=\dimen158
\caption@width=\dimen159
\caption@indent=\dimen160
\caption@parindent=\dimen161
\caption@hangindent=\dimen162
Package caption Info: Standard document class detected.
)
\c@caption@flags=\count303
\c@continuedfloat=\count304
)
(/usr/local/texlive/2025basic/texmf-dist/tex/latex/caption/subcaption.sty
Package: subcaption 2023/07/28 v1.6b Sub-captions (AR)
Package caption Info: New subtype `subfigure' on input line 238.
\c@subfigure=\count305
Package caption Info: New subtype `subtable' on input line 238.
\c@subtable=\count306
)
(/Users/rafidhiyaulh/Library/texmf/tex/latex/tocloft/tocloft.sty
Package: tocloft 2017/08/31 v2.3i parameterised ToC, etc., typesetting
Package tocloft Info: The document has chapter divisions on input line 51.
\cftparskip=\skip51
\cftbeforetoctitleskip=\skip52
\cftaftertoctitleskip=\skip53
\cftbeforepartskip=\skip54
\cftpartnumwidth=\skip55
\cftpartindent=\skip56
\cftbeforechapskip=\skip57
\cftchapindent=\skip58
\cftchapnumwidth=\skip59
\cftbeforesecskip=\skip60
\cftsecindent=\skip61
\cftsecnumwidth=\skip62
\cftbeforesubsecskip=\skip63
\cftsubsecindent=\skip64
\cftsubsecnumwidth=\skip65
\cftbeforesubsubsecskip=\skip66
\cftsubsubsecindent=\skip67
\cftsubsubsecnumwidth=\skip68
\cftbeforeparaskip=\skip69
\cftparaindent=\skip70
\cftparanumwidth=\skip71
\cftbeforesubparaskip=\skip72
\cftsubparaindent=\skip73
\cftsubparanumwidth=\skip74
\cftbeforeloftitleskip=\skip75
\cftafterloftitleskip=\skip76
\cftbeforefigskip=\skip77
\cftfigindent=\skip78
\cftfignumwidth=\skip79
\c@lofdepth=\count307
\c@lotdepth=\count308
\cftbeforelottitleskip=\skip80
\cftafterlottitleskip=\skip81
\cftbeforetabskip=\skip82
\cfttabindent=\skip83
\cfttabnumwidth=\skip84
)
(/Users/rafidhiyaulh/Library/texmf/tex/latex/titlesec/titlesec.sty
Package: titlesec 2025/01/04 v2.17 Sectioning titles
\ttl@box=\box53
\beforetitleunit=\skip85
\aftertitleunit=\skip86
\ttl@plus=\dimen163
\ttl@minus=\dimen164
\ttl@toksa=\toks21
\titlewidth=\dimen165
\titlewidthlast=\dimen166
\titlewidthfirst=\dimen167
)
(/Users/rafidhiyaulh/Library/texmf/tex/latex/lipsum/lipsum.sty
(/usr/local/texlive/2025basic/texmf-dist/tex/latex/l3packages/l3keys2e/l3keys2e
.sty
Package: l3keys2e 2025-10-09 LaTeX2e option processing using LaTeX3 keys
)
Package: lipsum 2021-09-20 v2.7 150 paragraphs of Lorem Ipsum dummy text
\g__lipsum_par_int=\count309
\l__lipsum_a_int=\count310
\l__lipsum_b_int=\count311
 (/Users/rafidhiyaulh/Library/texmf/tex/latex/lipsum/lipsum.ltd.tex))
(/Users/rafidhiyaulh/Library/texmf/tex/latex/floatrow/floatrow.sty
Package: floatrow 2008/08/02 v0.3b floatrow: float package extension
\c@float@type=\count312
\float@exts=\toks22
\float@box=\box54
\@floatcapt=\box55
Package floatrow Info: Modified float package code loaded on input line 455.
Package floatrow Info: Modified rotfloat package code loaded on input line 473.

\FR@everyfloat=\toks23
\flrow@foot=\insert252
\FB@wd=\dimen168
\FBo@wd=\dimen169
\FBc@wd=\dimen170
\FBo@ht=\skip87
\FBc@ht=\skip88
\FBf@ht=\skip89
\FBo@max=\skip90
\FBc@max=\skip91
\FBf@max=\skip92
\c@FBl@b=\count313
\floatbox@depth=\count314
\c@FRobj=\count315
\c@FRsobj=\count316
\Xhsize=\skip93
\sXhsize=\skip94
\Zhsize=\skip95
\sZhsize=\skip96
\flrow@rowbox=\box56
\FR@Zunitlength=\dimen171
\c@FBcnt=\count317
\FPOScnt=\count318
\LTleft=\skip97
\LTright=\skip98
\LTleft=\skip99
\LTright=\skip100
\flrow@types=\toks24
)
(/usr/local/texlive/2025basic/texmf-dist/tex/latex/listings/listings.sty
\lst@mode=\count319
\lst@gtempboxa=\box57
\lst@token=\toks25
\lst@length=\count320
\lst@currlwidth=\dimen172
\lst@column=\count321
\lst@pos=\count322
\lst@lostspace=\dimen173
\lst@width=\dimen174
\lst@newlines=\count323
\lst@lineno=\count324
\lst@maxwidth=\dimen175

(/usr/local/texlive/2025basic/texmf-dist/tex/latex/listings/lstpatch.sty
File: lstpatch.sty 2024/09/23 1.10c (Carsten Heinz)
)
(/usr/local/texlive/2025basic/texmf-dist/tex/latex/listings/lstmisc.sty
File: lstmisc.sty 2024/09/23 1.10c (Carsten Heinz)
\c@lstnumber=\count325
\lst@skipnumbers=\count326
\lst@framebox=\box58
)
(/usr/local/texlive/2025basic/texmf-dist/tex/latex/listings/listings.cfg
File: listings.cfg 2024/09/23 1.10c listings configuration
))
Package: listings 2024/09/23 1.10c (Carsten Heinz)

(/usr/local/texlive/2025basic/texmf-dist/tex/latex/amsmath/amsmath.sty
Package: amsmath 2025/06/16 v2.17y AMS math features
\@mathmargin=\skip101

For additional information on amsmath, use the `?' option.
(/usr/local/texlive/2025basic/texmf-dist/tex/latex/amsmath/amstext.sty
Package: amstext 2024/11/17 v2.01 AMS text

(/usr/local/texlive/2025basic/texmf-dist/tex/latex/amsmath/amsgen.sty
File: amsgen.sty 1999/11/30 v2.0 generic functions
\@emptytoks=\toks26
\ex@=\dimen176
))
(/usr/local/texlive/2025basic/texmf-dist/tex/latex/amsmath/amsbsy.sty
Package: amsbsy 1999/11/29 v1.2d Bold Symbols
\pmbraise@=\dimen177
)
(/usr/local/texlive/2025basic/texmf-dist/tex/latex/amsmath/amsopn.sty
Package: amsopn 2022/04/08 v2.04 operator names
)
\inf@bad=\count327
LaTeX Info: Redefining \frac on input line 233.
\uproot@=\count328
\leftroot@=\count329
LaTeX Info: Redefining \overline on input line 398.
LaTeX Info: Redefining \colon on input line 409.
\classnum@=\count330
\DOTSCASE@=\count331
LaTeX Info: Redefining \ldots on input line 495.
LaTeX Info: Redefining \dots on input line 498.
LaTeX Info: Redefining \cdots on input line 619.
\Mathstrutbox@=\box59
\strutbox@=\box60
LaTeX Info: Redefining \big on input line 721.
LaTeX Info: Redefining \Big on input line 722.
LaTeX Info: Redefining \bigg on input line 723.
LaTeX Info: Redefining \Bigg on input line 724.
\big@size=\dimen178
LaTeX Font Info:    Redeclaring font encoding OML on input line 742.
LaTeX Font Info:    Redeclaring font encoding OMS on input line 743.
\macc@depth=\count332
LaTeX Info: Redefining \bmod on input line 904.
LaTeX Info: Redefining \pmod on input line 909.
LaTeX Info: Redefining \smash on input line 939.
LaTeX Info: Redefining \relbar on input line 969.
LaTeX Info: Redefining \Relbar on input line 970.
\c@MaxMatrixCols=\count333
\dotsspace@=\muskip17
\c@parentequation=\count334
\dspbrk@lvl=\count335
\tag@help=\toks27
\row@=\count336
\column@=\count337
\maxfields@=\count338
\andhelp@=\toks28
\eqnshift@=\dimen179
\alignsep@=\dimen180
\tagshift@=\dimen181
\tagwidth@=\dimen182
\totwidth@=\dimen183
\lineht@=\dimen184
\@envbody=\toks29
\multlinegap=\skip102
\multlinetaggap=\skip103
\mathdisplay@stack=\toks30
LaTeX Info: Redefining \[ on input line 2949.
LaTeX Info: Redefining \] on input line 2950.
)
(/usr/local/texlive/2025basic/texmf-dist/tex/latex/amsfonts/amssymb.sty
Package: amssymb 2013/01/14 v3.01 AMS font symbols

(/usr/local/texlive/2025basic/texmf-dist/tex/latex/amsfonts/amsfonts.sty
Package: amsfonts 2013/01/14 v3.01 Basic AMSFonts support
\symAMSa=\mathgroup4
\symAMSb=\mathgroup5
LaTeX Font Info:    Redeclaring math symbol \hbar on input line 98.
LaTeX Font Info:    Overwriting math alphabet `\mathfrak' in version `bold'
(Font)                  U/euf/m/n --> U/euf/b/n on input line 106.
))
(/usr/local/texlive/2025basic/texmf-dist/tex/latex/enumitem/enumitem.sty
Package: enumitem 2025/02/06 v3.11 Customized lists
\labelindent=\skip104
\enit@outerparindent=\dimen185
\enit@toks=\toks31
\enit@inbox=\box61
\enit@count@id=\count339
\enitdp@description=\count340
)
(/usr/local/texlive/2025basic/texmf-dist/tex/latex/parskip/parskip.sty
Package: parskip 2021-03-14 v2.0h non-zero parskip adjustments

(/usr/local/texlive/2025basic/texmf-dist/tex/latex/kvoptions/kvoptions.sty
Package: kvoptions 2022-06-15 v3.15 Key value format for package options (HO)

(/usr/local/texlive/2025basic/texmf-dist/tex/generic/ltxcmds/ltxcmds.sty
Package: ltxcmds 2023-12-04 v1.26 LaTeX kernel commands for general use (HO)
)
(/usr/local/texlive/2025basic/texmf-dist/tex/latex/kvsetkeys/kvsetkeys.sty
Package: kvsetkeys 2022-10-05 v1.19 Key value parser (HO)
)))
(/usr/local/texlive/2025basic/texmf-dist/tex/latex/tools/longtable.sty
Package: longtable 2024-12-18 v4.23 Multi-page Table package (DPC)
\LTleft=\skip105
\LTright=\skip106
\LTpre=\skip107
\LTpost=\skip108
\LTchunksize=\count341
\LTcapwidth=\dimen186
\LT@head=\box62
\LT@firsthead=\box63
\LT@foot=\box64
\LT@lastfoot=\box65
\LT@gbox=\box66
\LT@cols=\count342
\LT@rows=\count343
\c@LT@tables=\count344
\c@LT@chunks=\count345
\LT@p@ftn=\toks32
)
(/usr/local/texlive/2025basic/texmf-dist/tex/latex/booktabs/booktabs.sty
Package: booktabs 2020/01/12 v1.61803398 Publication quality tables
\heavyrulewidth=\dimen187
\lightrulewidth=\dimen188
\cmidrulewidth=\dimen189
\belowrulesep=\dimen190
\belowbottomsep=\dimen191
\aboverulesep=\dimen192
\abovetopsep=\dimen193
\cmidrulesep=\dimen194
\cmidrulekern=\dimen195
\defaultaddspace=\dimen196
\@cmidla=\count346
\@cmidlb=\count347
\@aboverulesep=\dimen197
\@belowrulesep=\dimen198
\@thisruleclass=\count348
\@lastruleclass=\count349
\@thisrulewidth=\dimen199
)
(/usr/local/texlive/2025basic/texmf-dist/tex/latex/datetime2/datetime2.sty
Package: datetime2 2021/03/21 v1.5.7 (NLCT) date and time formats

(/usr/local/texlive/2025basic/texmf-dist/tex/latex/tracklang/tracklang.sty
Package: tracklang 2025/03/11 v1.6.6 (NLCT) Track Languages

(/usr/local/texlive/2025basic/texmf-dist/tex/generic/tracklang/tracklang.tex)
Package tracklang Info: Tracking dialect `indonesian' (language `bahasai') on i
nput line 264.
Package tracklang Info: Tracking dialect `indonesian' (language `bahasai') on i
nput line 264.
)
(/usr/local/texlive/2025basic/texmf-dist/tex/latex/xkeyval/xkeyval.sty
Package: xkeyval 2022/06/16 v2.9 package option processing (HA)

(/usr/local/texlive/2025basic/texmf-dist/tex/generic/xkeyval/xkeyval.tex
(/usr/local/texlive/2025basic/texmf-dist/tex/generic/xkeyval/xkvutils.tex
\XKV@toks=\toks33
\XKV@tempa@toks=\toks34
)
\XKV@depth=\count350
File: xkeyval.tex 2014/12/03 v2.7a key=value parser (HA)
))
Package tracklang Info: Tracking dialect `bahasai' (language `bahasai') on inpu
t line 217.

(/usr/local/texlive/2025basic/texmf-dist/tex/latex/datetime2-bahasai/datetime2-
bahasai.ldf
File: datetime2-bahasai.ldf 2018/01/10 v1.01
))
(/usr/local/texlive/2025basic/texmf-dist/tex/latex/geometry/geometry.sty
Package: geometry 2020/01/02 v5.9 Page Geometry

(/usr/local/texlive/2025basic/texmf-dist/tex/generic/iftex/ifvtex.sty
Package: ifvtex 2019/10/25 v1.7 ifvtex legacy package. Use iftex instead.

(/usr/local/texlive/2025basic/texmf-dist/tex/generic/iftex/iftex.sty
Package: iftex 2024/12/12 v1.0g TeX engine tests
))
\Gm@cnth=\count351
\Gm@cntv=\count352
\c@Gm@tempcnt=\count353
\Gm@bindingoffset=\dimen256
\Gm@wd@mp=\dimen257
\Gm@odd@mp=\dimen258
\Gm@even@mp=\dimen259
\Gm@layoutwidth=\dimen260
\Gm@layoutheight=\dimen261
\Gm@layouthoffset=\dimen262
\Gm@layoutvoffset=\dimen263
\Gm@dimlist=\toks35
)
(/usr/local/texlive/2025basic/texmf-dist/tex/latex/algorithms/algorithm.sty
Invalid UTF-8 byte or sequence at line 11 replaced by U+FFFD.
Package: algorithm 2009/08/24 v0.1 Document Style `algorithm' - floating enviro
nment

(/usr/local/texlive/2025basic/texmf-dist/tex/latex/base/ifthen.sty
Package: ifthen 2024/03/16 v1.1e Standard LaTeX ifthen package (DPC)
)
\c@algorithm=\count354
)
(/usr/local/texlive/2025basic/texmf-dist/tex/latex/algorithmicx/algorithmicx.st
y
Package: algorithmicx 2005/04/27 v1.2 Algorithmicx

Document Style algorithmicx 1.2 - a greatly improved `algorithmic' style
\c@ALG@line=\count355
\c@ALG@rem=\count356
\c@ALG@nested=\count357
\ALG@tlm=\skip109
\ALG@thistlm=\skip110
\c@ALG@Lnr=\count358
\c@ALG@blocknr=\count359
\c@ALG@storecount=\count360
\c@ALG@tmpcounter=\count361
\ALG@tmplength=\skip111
)
(/usr/local/texlive/2025basic/texmf-dist/tex/latex/algorithmicx/algpseudocode.s
ty
Package: algpseudocode 

Document Style - pseudocode environments for use with the `algorithmicx' style
) (/usr/local/texlive/2025basic/texmf-dist/tex/latex/microtype/microtype.sty
Package: microtype 2025/07/09 v3.2b Micro-typographical refinements (RS)
\MT@toks=\toks36
\MT@tempbox=\box67
\MT@count=\count362
LaTeX Info: Redefining \noprotrusionifhmode on input line 1087.
LaTeX Info: Redefining \leftprotrusion on input line 1088.
\MT@prot@toks=\toks37
LaTeX Info: Redefining \rightprotrusion on input line 1107.
LaTeX Info: Redefining \textls on input line 1449.
\MT@outer@kern=\dimen264
LaTeX Info: Redefining \microtypecontext on input line 2053.
LaTeX Info: Redefining \textmicrotypecontext on input line 2070.
\MT@listname@count=\count363

(/usr/local/texlive/2025basic/texmf-dist/tex/latex/microtype/microtype-xetex.de
f
File: microtype-xetex.def 2025/07/09 v3.2b Definitions specific to xetex (RS)
LaTeX Info: Redefining \lsstyle on input line 443.
LaTeX Info: Redefining \lslig on input line 451.
\MT@outer@space=\skip112
)
Package microtype Info: Loading configuration file microtype.cfg.
 (/usr/local/texlive/2025basic/texmf-dist/tex/latex/microtype/microtype.cfg
File: microtype.cfg 2025/07/09 v3.2b microtype main configuration file (RS)
)
LaTeX Info: Redefining \microtypesetup on input line 3065.
) (/usr/local/texlive/2025basic/texmf-dist/tex/latex/tools/array.sty
Package: array 2025/06/08 v2.6j Tabular extension package (FMi)
\col@sep=\dimen265
\ar@mcellbox=\box68
\extrarowheight=\dimen266
\NC@list=\toks38
\extratabsurround=\skip113
\backup@length=\skip114
\ar@cellbox=\box69
)
(/usr/local/texlive/2025basic/texmf-dist/tex/latex/threeparttable/threeparttabl
e.sty
Package: threeparttable 2003/06/13  v 3.0
\@tempboxb=\box70
) (/usr/local/texlive/2025basic/texmf-dist/tex/latex/tools/tabularx.sty
Package: tabularx 2023/12/11 v2.12a `tabularx' package (DPC)
\TX@col@width=\dimen267
\TX@old@table=\dimen268
\TX@old@col=\dimen269
\TX@target=\dimen270
\TX@delta=\dimen271
\TX@cols=\count364
\TX@ftn=\toks39
)
(/usr/local/texlive/2025basic/texmf-dist/tex/latex/xcolor/xcolor.sty
Package: xcolor 2024/09/29 v3.02 LaTeX color extensions (UK)

(/usr/local/texlive/2025basic/texmf-dist/tex/latex/graphics-cfg/color.cfg
File: color.cfg 2016/01/02 v1.6 sample color configuration
)
Package xcolor Info: Driver file: xetex.def on input line 274.

(/usr/local/texlive/2025basic/texmf-dist/tex/latex/graphics/mathcolor.ltx)
Package xcolor Info: Model `cmy' substituted by `cmy0' on input line 1349.
Package xcolor Info: Model `RGB' extended on input line 1365.
Package xcolor Info: Model `HTML' substituted by `rgb' on input line 1367.
Package xcolor Info: Model `Hsb' substituted by `hsb' on input line 1368.
Package xcolor Info: Model `tHsb' substituted by `hsb' on input line 1369.
Package xcolor Info: Model `HSB' substituted by `hsb' on input line 1370.
Package xcolor Info: Model `Gray' substituted by `gray' on input line 1371.
Package xcolor Info: Model `wave' substituted by `hsb' on input line 1372.
)
(/usr/local/texlive/2025basic/texmf-dist/tex/latex/appendix/appendix.sty
Package: appendix 2020/02/08 v1.2c extra appendix facilities
\c@@pps=\count365
\c@@ppsavesec=\count366
\c@@ppsaveapp=\count367
)
(/usr/local/texlive/2025basic/texmf-dist/tex/latex/hyperref/hyperref.sty
Package: hyperref 2025-07-12 v7.01o Hypertext links for LaTeX

(/usr/local/texlive/2025basic/texmf-dist/tex/generic/kvdefinekeys/kvdefinekeys.
sty
Package: kvdefinekeys 2019-12-19 v1.6 Define keys (HO)
)
(/usr/local/texlive/2025basic/texmf-dist/tex/generic/pdfescape/pdfescape.sty
Package: pdfescape 2019/12/09 v1.15 Implements pdfTeX's escape features (HO)

(/usr/local/texlive/2025basic/texmf-dist/tex/generic/pdftexcmds/pdftexcmds.sty
Package: pdftexcmds 2020-06-27 v0.33 Utility functions of pdfTeX for LuaTeX (HO
)

(/usr/local/texlive/2025basic/texmf-dist/tex/generic/infwarerr/infwarerr.sty
Package: infwarerr 2019/12/03 v1.5 Providing info/warning/error messages (HO)
)
Package pdftexcmds Info: \pdf@primitive is available.
Package pdftexcmds Info: \pdf@ifprimitive is available.
Package pdftexcmds Info: \pdfdraftmode not found.
)) (/usr/local/texlive/2025basic/texmf-dist/tex/latex/hycolor/hycolor.sty
Package: hycolor 2020-01-27 v1.10 Color options for hyperref/bookmark (HO)
)
(/usr/local/texlive/2025basic/texmf-dist/tex/latex/hyperref/nameref.sty
Package: nameref 2025-06-21 v2.57 Cross-referencing by name of section

(/usr/local/texlive/2025basic/texmf-dist/tex/latex/refcount/refcount.sty
Package: refcount 2019/12/15 v3.6 Data extraction from label references (HO)
)
(/usr/local/texlive/2025basic/texmf-dist/tex/generic/gettitlestring/gettitlestr
ing.sty
Package: gettitlestring 2019/12/15 v1.6 Cleanup title references (HO)
)
\c@section@level=\count368
)
(/usr/local/texlive/2025basic/texmf-dist/tex/generic/stringenc/stringenc.sty
Package: stringenc 2019/11/29 v1.12 Convert strings between diff. encodings (HO
)
)
\@linkdim=\dimen272
\Hy@linkcounter=\count369
\Hy@pagecounter=\count370

(/usr/local/texlive/2025basic/texmf-dist/tex/latex/hyperref/pd1enc.def
File: pd1enc.def 2025-07-12 v7.01o Hyperref: PDFDocEncoding definition (HO)
)
(/usr/local/texlive/2025basic/texmf-dist/tex/generic/intcalc/intcalc.sty
Package: intcalc 2019/12/15 v1.3 Expandable calculations with integers (HO)
)
\Hy@SavedSpaceFactor=\count371

(/usr/local/texlive/2025basic/texmf-dist/tex/latex/hyperref/puenc.def
File: puenc.def 2025-07-12 v7.01o Hyperref: PDF Unicode definition (HO)
)
Package hyperref Info: Hyper figures OFF on input line 4195.
Package hyperref Info: Link nesting OFF on input line 4200.
Package hyperref Info: Hyper index ON on input line 4203.
Package hyperref Info: Plain pages OFF on input line 4210.
Package hyperref Info: Backreferencing OFF on input line 4215.
Package hyperref Info: Implicit mode ON; LaTeX internals redefined.
Package hyperref Info: Bookmarks ON on input line 4462.
\c@Hy@tempcnt=\count372

(/usr/local/texlive/2025basic/texmf-dist/tex/latex/url/url.sty
\Urlmuskip=\muskip18
Package: url 2013/09/16  ver 3.4  Verb mode for urls, etc.
)
LaTeX Info: Redefining \url on input line 4801.
\XeTeXLinkMargin=\dimen273

(/usr/local/texlive/2025basic/texmf-dist/tex/generic/bitset/bitset.sty
Package: bitset 2019/12/09 v1.3 Handle bit-vector datatype (HO)

(/usr/local/texlive/2025basic/texmf-dist/tex/generic/bigintcalc/bigintcalc.sty
Package: bigintcalc 2019/12/15 v1.5 Expandable calculations on big integers (HO
)
))
\Fld@menulength=\count373
\Field@Width=\dimen274
\Fld@charsize=\dimen275
Package hyperref Info: Hyper figures OFF on input line 6078.
Package hyperref Info: Link nesting OFF on input line 6083.
Package hyperref Info: Hyper index ON on input line 6086.
Package hyperref Info: backreferencing OFF on input line 6093.
Package hyperref Info: Link coloring OFF on input line 6098.
Package hyperref Info: Link coloring with OCG OFF on input line 6103.
Package hyperref Info: PDF/A mode OFF on input line 6108.
\Hy@abspage=\count374
\c@Item=\count375
\c@Hfootnote=\count376
)
Package hyperref Info: Driver (autodetected): hxetex.
 (/usr/local/texlive/2025basic/texmf-dist/tex/latex/hyperref/hxetex.def
File: hxetex.def 2025-07-12 v7.01o Hyperref driver for XeTeX
\pdfm@box=\box71
\c@Hy@AnnotLevel=\count377
\HyField@AnnotCount=\count378
\Fld@listcount=\count379
\c@bookmark@seq@number=\count380

(/usr/local/texlive/2025basic/texmf-dist/tex/latex/rerunfilecheck/rerunfilechec
k.sty
Package: rerunfilecheck 2025-06-21 v1.11 Rerun checks for auxiliary files (HO)

(/usr/local/texlive/2025basic/texmf-dist/tex/generic/uniquecounter/uniquecounte
r.sty
Package: uniquecounter 2019/12/15 v1.4 Provide unlimited unique counter (HO)
)
Package uniquecounter Info: New unique counter `rerunfilecheck' on input line 2
84.
)
\Hy@SectionHShift=\skip115
)

Package fontspec Info: 
(fontspec)             Font family 'TimesNewRoman(0)' created for font 'Times
(fontspec)             New Roman' with options [Ligatures=TeX].
(fontspec)              
(fontspec)              This font family consists of the following NFSS
(fontspec)             series/shapes:
(fontspec)              
(fontspec)             - 'normal' (m/n) with NFSS spec.: <->"Times New
(fontspec)             Roman/OT:script=latn;language=dflt;mapping=tex-text;"
(fontspec)             - 'bold' (b/n) with NFSS spec.: <->"Times New
(fontspec)             Roman/B/OT:script=latn;language=dflt;mapping=tex-text;"
(fontspec)             - 'italic' (m/it) with NFSS spec.: <->"Times New
(fontspec)             Roman/I/OT:script=latn;language=dflt;mapping=tex-text;"
(fontspec)             - 'bold italic' (b/it) with NFSS spec.: <->"Times New
(fontspec)             Roman/BI/OT:script=latn;language=dflt;mapping=tex-text;"



(/Users/rafidhiyaulh/Library/texmf/tex/latex/biblatex-chicago/biblatex-chicago.
sty
Package: biblatex-chicago 2022/07/02 v 3.18 biblatex style
 (/Users/rafidhiyaulh/Library/texmf/tex/generic/xstring/xstring.sty
(/Users/rafidhiyaulh/Library/texmf/tex/generic/xstring/xstring.tex
\xs_counta=\count381
\xs_countb=\count382
)
Package: xstring 2023/08/22 v1.86 String manipulations (CT)
)
(/Users/rafidhiyaulh/Library/texmf/tex/latex/biblatex/biblatex.sty
Package: biblatex 2025/07/10 v3.21 programmable bibliographies (PK/MW)

(/Users/rafidhiyaulh/Library/texmf/tex/latex/logreq/logreq.sty
Package: logreq 2010/08/04 v1.0 xml request logger
\lrq@indent=\count383

(/Users/rafidhiyaulh/Library/texmf/tex/latex/logreq/logreq.def
File: logreq.def 2010/08/04 v1.0 logreq spec v1.0
))
\c@tabx@nest=\count384
\c@listtotal=\count385
\c@listcount=\count386
\c@liststart=\count387
\c@liststop=\count388
\c@citecount=\count389
\c@citetotal=\count390
\c@multicitecount=\count391
\c@multicitetotal=\count392
\c@instcount=\count393
\c@maxnames=\count394
\c@minnames=\count395
\c@maxitems=\count396
\c@minitems=\count397
\c@citecounter=\count398
\c@maxcitecounter=\count399
\c@savedcitecounter=\count400
\c@uniquelist=\count401
\c@uniquename=\count402
\c@refsection=\count403
\c@refsegment=\count404
\c@maxextratitle=\count405
\c@maxextratitleyear=\count406
\c@maxextraname=\count407
\c@maxextradate=\count408
\c@maxextraalpha=\count409
\c@abbrvpenalty=\count410
\c@highnamepenalty=\count411
\c@lownamepenalty=\count412
\c@maxparens=\count413
\c@parenlevel=\count414
\blx@tempcnta=\count415
\blx@tempcntb=\count416
\blx@tempcntc=\count417
\c@blx@maxsection=\count418
\blx@maxsegment@0=\count419
\blx@notetype=\count420
\blx@parenlevel@text=\count421
\blx@parenlevel@foot=\count422
\blx@sectionciteorder@0=\count423
\blx@sectionciteorderinternal@0=\count424
\blx@entrysetcounter=\count425
\blx@biblioinstance=\count426
\labelnumberwidth=\skip116
\labelalphawidth=\skip117
\biblabelsep=\skip118
\bibitemsep=\skip119
\bibnamesep=\skip120
\bibinitsep=\skip121
\bibparsep=\skip122
\bibhang=\skip123
\blx@bcfin=\read3
\blx@bcfout=\write3
\blx@langwohyphens=\language25
\c@mincomprange=\count427
\c@maxcomprange=\count428
\c@mincompwidth=\count429
Package biblatex Info: Trying to load biblatex default data model...
Package biblatex Info: ... file 'blx-dm.def' found.

(/Users/rafidhiyaulh/Library/texmf/tex/latex/biblatex/blx-dm.def
File: blx-dm.def 2025/07/10 v3.21 biblatex datamodel (PK/MW)
)
Package biblatex Info: Trying to load biblatex style data model...
Package biblatex Info: ... file 'chicago-authordate.dbx' not found.
Package biblatex Info: Trying to load biblatex custom data model...
Package biblatex Info: ... file 'biblatex-dm.cfg' not found.
\c@afterword=\count430
\c@savedafterword=\count431
\c@annotator=\count432
\c@savedannotator=\count433
\c@author=\count434
\c@savedauthor=\count435
\c@bookauthor=\count436
\c@savedbookauthor=\count437
\c@commentator=\count438
\c@savedcommentator=\count439
\c@editor=\count440
\c@savededitor=\count441
\c@editora=\count442
\c@savededitora=\count443
\c@editorb=\count444
\c@savededitorb=\count445
\c@editorc=\count446
\c@savededitorc=\count447
\c@foreword=\count448
\c@savedforeword=\count449
\c@holder=\count450
\c@savedholder=\count451
\c@introduction=\count452
\c@savedintroduction=\count453
\c@namea=\count454
\c@savednamea=\count455
\c@nameb=\count456
\c@savednameb=\count457
\c@namec=\count458
\c@savednamec=\count459
\c@translator=\count460
\c@savedtranslator=\count461
\c@shortauthor=\count462
\c@savedshortauthor=\count463
\c@shorteditor=\count464
\c@savedshorteditor=\count465
\c@labelname=\count466
\c@savedlabelname=\count467
\c@institution=\count468
\c@savedinstitution=\count469
\c@lista=\count470
\c@savedlista=\count471
\c@listb=\count472
\c@savedlistb=\count473
\c@listc=\count474
\c@savedlistc=\count475
\c@listd=\count476
\c@savedlistd=\count477
\c@liste=\count478
\c@savedliste=\count479
\c@listf=\count480
\c@savedlistf=\count481
\c@location=\count482
\c@savedlocation=\count483
\c@organization=\count484
\c@savedorganization=\count485
\c@origlocation=\count486
\c@savedoriglocation=\count487
\c@origpublisher=\count488
\c@savedorigpublisher=\count489
\c@publisher=\count490
\c@savedpublisher=\count491
\c@language=\count492
\c@savedlanguage=\count493
\c@origlanguage=\count494
\c@savedoriglanguage=\count495
\c@pageref=\count496
\c@savedpageref=\count497
\shorthandwidth=\skip124
\shortjournalwidth=\skip125
\shortserieswidth=\skip126
\shorttitlewidth=\skip127
\shortauthorwidth=\skip128
\shorteditorwidth=\skip129
\locallabelnumberwidth=\skip130
\locallabelalphawidth=\skip131
\localshorthandwidth=\skip132
\localshortjournalwidth=\skip133
\localshortserieswidth=\skip134
\localshorttitlewidth=\skip135
\localshortauthorwidth=\skip136
\localshorteditorwidth=\skip137
Package biblatex Info: Trying to load enhanced support for Unicode engines...
Package biblatex Info: ... file 'blx-unicode.def' found.

(/Users/rafidhiyaulh/Library/texmf/tex/latex/biblatex/blx-unicode.def)
Package biblatex Info: Trying to load compatibility code...
Package biblatex Info: ... file 'blx-compat.def' found.

(/Users/rafidhiyaulh/Library/texmf/tex/latex/biblatex/blx-compat.def
File: blx-compat.def 2025/07/10 v3.21 biblatex compatibility (PK/MW)
)
Package biblatex Info: Trying to load generic definitions...
Package biblatex Info: ... file 'biblatex.def' found.

(/Users/rafidhiyaulh/Library/texmf/tex/latex/biblatex/biblatex.def
File: biblatex.def 2025/07/10 v3.21 biblatex compatibility (PK/MW)
\c@textcitecount=\count498
\c@textcitetotal=\count499
\c@textcitemaxnames=\count500
\c@biburlbigbreakpenalty=\count501
\c@biburlbreakpenalty=\count502
\c@biburlnumpenalty=\count503
\c@biburlucpenalty=\count504
\c@biburllcpenalty=\count505
\biburlbigskip=\muskip19
\biburlnumskip=\muskip20
\biburlucskip=\muskip21
\biburllcskip=\muskip22
\c@smartand=\count506
)
Package biblatex Info: Trying to load bibliography style 'chicago-authordate'..
.
Package biblatex Info: ... file 'chicago-authordate.bbx' found.

(/Users/rafidhiyaulh/Library/texmf/tex/latex/biblatex-chicago/chicago-authordat
e.bbx
File: chicago-authordate.bbx 2022/11/17 v 3.18b biblatex bibliography style
\lositemsep=\skip138
Package biblatex Info: Delimiter 'revsdnamedelim' in context '' already defined
, overwriting.
\cms@tempcnta=\count507
\cms@tempcntb=\count508
\c@bbx:relatedcount=\count509
\c@bbx:relatedtotal=\count510
)
Package biblatex Info: Trying to load citation style 'chicago-authordate'...
Package biblatex Info: ... file 'chicago-authordate.cbx' found.

(/Users/rafidhiyaulh/Library/texmf/tex/latex/biblatex-chicago/chicago-authordat
e.cbx
File: chicago-authordate.cbx 2022/07/02 v 3.18 biblatex citation style
Package biblatex Info: Trying to load citation style 'chicago-dates-common'...
Package biblatex Info: ... file 'chicago-dates-common.cbx' found.

(/Users/rafidhiyaulh/Library/texmf/tex/latex/biblatex-chicago/chicago-dates-com
mon.cbx
File: chicago-dates-common.cbx 2024/04/15 v 3.20 biblatex citation style
Package biblatex Info: Redefining '\cite'.
Package biblatex Info: Redefining '\parencite'.
Package biblatex Info: Redefining '\footcite'.
Package biblatex Info: Redefining '\footcitetext'.
Package biblatex Info: Redefining '\citetitle'.
Package biblatex Info: Redefining '\footfullcite'.
Package biblatex Info: Redefining '\fullcite'.
Package biblatex Info: Redefining '\textcite'.
Package biblatex Info: Redefining '\textcites'.
Package biblatex Info: Redefining '\cites'.
Package biblatex Info: Redefining '\parencites'.
Package biblatex Info: Redefining '\footcites'.
Package biblatex Info: Redefining '\footcitetexts'.
\c@cms@punct=\count511
Package biblatex Info: Delimiter 'dateeradelim' in context '' already defined, 
overwriting.
))
Package biblatex Info: Trying to load configuration file...
Package biblatex Info: ... file 'biblatex.cfg' found.
 (/Users/rafidhiyaulh/Library/texmf/tex/latex/biblatex/biblatex.cfg
File: biblatex.cfg 
)
Package biblatex Info: XeTeX detected.
(biblatex)             Assuming input encoding 'utf8'.
Package biblatex Info: Document encoding is UTF8 ....
Package biblatex Info: ... and expl3
(biblatex)             2025-10-24 L3 programming layer (loader) 
(biblatex)             is new enough (at least 2020/04/06),
(biblatex)             setting 'casechanger=expl3'.

(/Users/rafidhiyaulh/Library/texmf/tex/latex/biblatex/blx-case-expl3.sty
Package: blx-case-expl3 2025/07/10 v3.21 expl3 case changing code for biblatex
)))
Package hyperref Info: Option `colorlinks' set `true' on input line 153.
\c@myequations=\count512
\cftbeforemyequationsskip=\skip139
\cftmyequationsindent=\skip140
\cftmyequationsnumwidth=\skip141
\c@equdepth=\count513
\cftbeforeequtitleskip=\skip142
\cftafterequtitleskip=\skip143

(/usr/local/texlive/2025basic/texmf-dist/tex/latex/listings/lstlang1.sty
File: lstlang1.sty 2024/09/23 1.10c listings language file
)
Package csquotes Info: Checking for multilingual support...
Package csquotes Info: ... found 'babel' package.
Package csquotes Info: Adjusting default style.


Package csquotes Warning: No style for language 'indonesian'.
(csquotes)                Using fallback style on input line 331.

Package csquotes Info: Redefining alias 'default' -> 'fallback'.
(./TA.aux
(/usr/local/texlive/2025basic/texmf-dist/tex/generic/babel/locale/en/babel-engl
ish.tex)
Package babel Info: Importing data for english
(babel)             from babel-en.ini. Reported on input line 19.
)
\openout1 = `TA.aux'.

LaTeX Font Info:    Checking defaults for OML/cmm/m/it on input line 331.
LaTeX Font Info:    ... okay on input line 331.
LaTeX Font Info:    Checking defaults for OMS/cmsy/m/n on input line 331.
LaTeX Font Info:    ... okay on input line 331.
LaTeX Font Info:    Checking defaults for OT1/cmr/m/n on input line 331.
LaTeX Font Info:    ... okay on input line 331.
LaTeX Font Info:    Checking defaults for T1/cmr/m/n on input line 331.
LaTeX Font Info:    ... okay on input line 331.
LaTeX Font Info:    Checking defaults for TS1/cmr/m/n on input line 331.
LaTeX Font Info:    ... okay on input line 331.
LaTeX Font Info:    Checking defaults for TU/lmr/m/n on input line 331.
LaTeX Font Info:    ... okay on input line 331.
LaTeX Font Info:    Checking defaults for OMX/cmex/m/n on input line 331.
LaTeX Font Info:    ... okay on input line 331.
LaTeX Font Info:    Checking defaults for U/cmr/m/n on input line 331.
LaTeX Font Info:    ... okay on input line 331.
LaTeX Font Info:    Checking defaults for PD1/pdf/m/n on input line 331.
LaTeX Font Info:    ... okay on input line 331.
LaTeX Font Info:    Checking defaults for PU/pdf/m/n on input line 331.
LaTeX Font Info:    ... okay on input line 331.

Package fontspec Info: 
(fontspec)             Adjusting the maths setup (use [no-math] to avoid
(fontspec)             this).

\symlegacymaths=\mathgroup6
LaTeX Font Info:    Overwriting symbol font `legacymaths' in version `bold'
(Font)                  OT1/cmr/m/n --> OT1/cmr/bx/n on input line 331.
LaTeX Font Info:    Redeclaring math accent \acute on input line 331.
LaTeX Font Info:    Redeclaring math accent \grave on input line 331.
LaTeX Font Info:    Redeclaring math accent \ddot on input line 331.
LaTeX Font Info:    Redeclaring math accent \tilde on input line 331.
LaTeX Font Info:    Redeclaring math accent \bar on input line 331.
LaTeX Font Info:    Redeclaring math accent \breve on input line 331.
LaTeX Font Info:    Redeclaring math accent \check on input line 331.
LaTeX Font Info:    Redeclaring math accent \hat on input line 331.
LaTeX Font Info:    Redeclaring math accent \dot on input line 331.
LaTeX Font Info:    Redeclaring math accent \mathring on input line 331.
LaTeX Font Info:    Redeclaring math symbol \Gamma on input line 331.
LaTeX Font Info:    Redeclaring math symbol \Delta on input line 331.
LaTeX Font Info:    Redeclaring math symbol \Theta on input line 331.
LaTeX Font Info:    Redeclaring math symbol \Lambda on input line 331.
LaTeX Font Info:    Redeclaring math symbol \Xi on input line 331.
LaTeX Font Info:    Redeclaring math symbol \Pi on input line 331.
LaTeX Font Info:    Redeclaring math symbol \Sigma on input line 331.
LaTeX Font Info:    Redeclaring math symbol \Upsilon on input line 331.
LaTeX Font Info:    Redeclaring math symbol \Phi on input line 331.
LaTeX Font Info:    Redeclaring math symbol \Psi on input line 331.
LaTeX Font Info:    Redeclaring math symbol \Omega on input line 331.
LaTeX Font Info:    Redeclaring math symbol \mathdollar on input line 331.
LaTeX Font Info:    Redeclaring symbol font `operators' on input line 331.
LaTeX Font Info:    Encoding `OT1' has changed to `TU' for symbol font
(Font)              `operators' in the math version `normal' on input line 331.

LaTeX Font Info:    Overwriting symbol font `operators' in version `normal'
(Font)                  OT1/cmr/m/n --> TU/TimesNewRoman(0)/m/n on input line 3
31.
LaTeX Font Info:    Encoding `OT1' has changed to `TU' for symbol font
(Font)              `operators' in the math version `bold' on input line 331.
LaTeX Font Info:    Overwriting symbol font `operators' in version `bold'
(Font)                  OT1/cmr/bx/n --> TU/TimesNewRoman(0)/m/n on input line 
331.
LaTeX Font Info:    Overwriting symbol font `operators' in version `normal'
(Font)                  TU/TimesNewRoman(0)/m/n --> TU/TimesNewRoman(0)/m/n on 
input line 331.
LaTeX Font Info:    Overwriting math alphabet `\mathit' in version `normal'
(Font)                  OT1/cmr/m/it --> TU/TimesNewRoman(0)/m/it on input line
 331.
LaTeX Font Info:    Overwriting math alphabet `\mathbf' in version `normal'
(Font)                  OT1/cmr/bx/n --> TU/TimesNewRoman(0)/b/n on input line 
331.
LaTeX Font Info:    Overwriting math alphabet `\mathsf' in version `normal'
(Font)                  OT1/cmss/m/n --> TU/lmss/m/n on input line 331.
LaTeX Font Info:    Overwriting math alphabet `\mathtt' in version `normal'
(Font)                  OT1/cmtt/m/n --> TU/lmtt/m/n on input line 331.
LaTeX Font Info:    Overwriting symbol font `operators' in version `bold'
(Font)                  TU/TimesNewRoman(0)/m/n --> TU/TimesNewRoman(0)/b/n on 
input line 331.
LaTeX Font Info:    Overwriting math alphabet `\mathit' in version `bold'
(Font)                  OT1/cmr/bx/it --> TU/TimesNewRoman(0)/b/it on input lin
e 331.
LaTeX Font Info:    Overwriting math alphabet `\mathsf' in version `bold'
(Font)                  OT1/cmss/bx/n --> TU/lmss/b/n on input line 331.
LaTeX Font Info:    Overwriting math alphabet `\mathtt' in version `bold'
(Font)                  OT1/cmtt/m/n --> TU/lmtt/b/n on input line 331.
Package caption Info: Begin \AtBeginDocument code.
Package caption Info: float package is loaded.
Package caption Info: floatrow package is loaded.
Package caption Info: floatrow package is loaded.
Package caption Info: hyperref package is loaded.
Package caption Info: listings package is loaded.
Package caption Info: longtable package is loaded.

(/usr/local/texlive/2025basic/texmf-dist/tex/latex/caption/ltcaption.sty
Package: ltcaption 2021/01/08 v1.4c longtable captions (AR)
)
Package caption Info: Fixing longtable code of `floatrow' package.
Package caption Info: threeparttable package is loaded.
Package caption Info: End \AtBeginDocument code.

(/Users/rafidhiyaulh/Library/texmf/tex/latex/floatrow/fr-longtable.sty
Package: fr-longtable 2007/11/28 v0.1b (beta) floatrow: additions for longtable

\flrow@LT@lasthead=\box72
\flrow@LT@prelastfoot=\box73
\c@FBLTpage=\count514
)
\c@lstlisting=\count515

*geometry* driver: auto-detecting
*geometry* detected driver: xetex
*geometry* verbose mode - [ preamble ] result:
* driver: xetex
* paper: a4paper
* layout: <same size as paper>
* layoutoffset:(h,v)=(0.0pt,0.0pt)
* modes: twoside 
* h-part:(L,W,R)=(113.81102pt, 398.3386pt, 85.35826pt)
* v-part:(T,H,B)=(85.35826pt, 674.33032pt, 85.35826pt)
* \paperwidth=597.50787pt
* \paperheight=845.04684pt
* \textwidth=398.3386pt
* \textheight=674.33032pt
* \oddsidemargin=41.54103pt
* \evensidemargin=13.08827pt
* \topmargin=-18.78552pt
* \headheight=12.0pt
* \headsep=19.8738pt
* \topskip=12.0pt
* \footskip=30.0pt
* \marginparwidth=88.0pt
* \marginparsep=7.0pt
* \columnsep=10.0pt
* \skip\footins=10.8pt plus 4.0pt minus 2.0pt
* \hoffset=0.0pt
* \voffset=0.0pt
* \mag=1000
* \@twocolumnfalse
* \@twosidetrue
* \@mparswitchtrue
* \@reversemarginfalse
* (1in=72.27pt=25.4mm, 1cm=28.453pt)

LaTeX Info: Redefining \microtypecontext on input line 331.
Package microtype Info: Applying patch `item' on input line 331.
Package microtype Info: Applying patch `toc' on input line 331.
Package microtype Info: Applying patch `eqnum' on input line 331.
Package microtype Info: Applying patch `footnote' on input line 331.
Package microtype Info: Applying patch `verbatim' on input line 331.
LaTeX Info: Redefining \microtypesetup on input line 331.
Package microtype Info: Character protrusion enabled (level 2).
Package microtype Info: Using default protrusion set `alltext'.
Package microtype Info: No adjustment of tracking.
Package microtype Info: No adjustment of spacing.
Package microtype Info: No adjustment of kerning.
Package microtype Info: Loading generic protrusion settings for font family
(microtype)             `TimesNewRoman' (encoding: TU).
(microtype)             For optimal results, create family-specific settings.
(microtype)             See the microtype manual for details.
Package hyperref Info: Link coloring ON on input line 331.
(./TA.out) (./TA.out)
\@outlinefile=\write4
\openout4 = `TA.out'.

Package biblatex Info: Trying to load language 'indonesian'...
Package biblatex Info: ... file 'indonesian.lbx' not found.


Package biblatex Warning: Language 'indonesian' not supported.
(biblatex)                Using dummy definitions on input line 331.

Package biblatex Info: Trying to load language 'english'...
Package biblatex Info: ... file 'english.lbx' found.
(/Users/rafidhiyaulh/Library/texmf/tex/latex/biblatex/lbx/english.lbx
File: english.lbx 2025/07/10 v3.21 biblatex localization (PK/MW)
)
Package biblatex Info: XeTeX detected.
(biblatex)             Assuming input encoding 'utf8'.
Package biblatex Info: Automatic encoding selection.
(biblatex)             Assuming data encoding 'utf8'.
\openout3 = `TA.bcf'.

Package biblatex Info: Trying to load bibliographic data...
Package biblatex Info: ... file 'TA.bbl' found.

(./TA.bbl)
Package biblatex Info: Reference section=0 on input line 331.
Package biblatex Info: Reference segment=0 on input line 331.
 (./1 Halaman Judul.tex
File: images/ganesha.jpg Graphic file (type bmp)
<images/ganesha.jpg>


Package datetime2 Warning: Region `bahasai' has ignored 
(datetime2)                the following settings:
(datetime2)                showmonthname=true
 on input line 39.



[1



]) (./2 Lembar Pengesahan.tex

[2

]) (./3 Pernyataan Orisinalitas.tex

[3]

[4

]
Underfull \hbox (badness 10000) in paragraph at lines 10--14

 []

LaTeX Font Info:    Trying to load font information for U+msa on input line 15.

(/usr/local/texlive/2025basic/texmf-dist/tex/latex/amsfonts/umsa.fd
File: umsa.fd 2013/01/14 v3.01 AMS symbols A
)
(/usr/local/texlive/2025basic/texmf-dist/tex/latex/microtype/mt-msa.cfg
File: mt-msa.cfg 2006/02/04 v1.1 microtype config. file: AMS symbols (a) (RS)
)
LaTeX Font Info:    Trying to load font information for U+msb on input line 15.


(/usr/local/texlive/2025basic/texmf-dist/tex/latex/amsfonts/umsb.fd
File: umsb.fd 2013/01/14 v3.01 AMS symbols B
)
(/usr/local/texlive/2025basic/texmf-dist/tex/latex/microtype/mt-msb.cfg
File: mt-msb.cfg 2005/06/01 v1.0 microtype config. file: AMS symbols (b) (RS)
)
(/usr/local/texlive/2025basic/texmf-dist/tex/latex/microtype/mt-cmr.cfg
File: mt-cmr.cfg 2013/05/19 v2.2 microtype config. file: Computer Modern Roman 
(RS)
))
(./4 Pernyataan Penggunaan AI.tex

[5]

[6

]
Overfull \hbox (3.43965pt too wide) in paragraph at lines 10--10
[]|\TU/TimesNewRoman(0)/b/n/12 No.| 
 []


Underfull \hbox (badness 2119) in paragraph at lines 12--12
[]|\TU/TimesNewRoman(0)/m/n/12 Google Gemi-
 []


Underfull \hbox (badness 2119) in paragraph at lines 14--14
[]|\TU/TimesNewRoman(0)/m/n/12 Google Gemi-
 []


Underfull \hbox (badness 2119) in paragraph at lines 16--16
[]|\TU/TimesNewRoman(0)/m/n/12 Google Gemi-
 []


Underfull \hbox (badness 10000) in paragraph at lines 18--18
[]|\TU/TimesNewRoman(0)/m/n/12 Pencarian informasi
 []


Underfull \hbox (badness 2119) in paragraph at lines 18--18
[]|\TU/TimesNewRoman(0)/m/n/12 Google Gemi-
 []


Underfull \hbox (badness 2119) in paragraph at lines 20--20
[]|\TU/TimesNewRoman(0)/m/n/12 Google Gemi-
 []


Underfull \hbox (badness 2269) in paragraph at lines 22--22
[]|\TU/TimesNewRoman(0)/m/n/12 Penyusunan kode pro-
 []


Underfull \hbox (badness 2119) in paragraph at lines 22--22
[]|\TU/TimesNewRoman(0)/m/n/12 Google Gemi-
 []


Underfull \hbox (badness 10000) in paragraph at lines 24--24
[]|\TU/TimesNewRoman(0)/m/n/12 Penyusunan formula
 []


Underfull \hbox (badness 2119) in paragraph at lines 26--26
[]|\TU/TimesNewRoman(0)/m/n/12 Google Gemi-
 []


Underfull \hbox (badness 2119) in paragraph at lines 28--28
[]|\TU/TimesNewRoman(0)/m/n/12 Google Gemi-
 []


Underfull \hbox (badness 10000) in paragraph at lines 30--30
[]|\TU/TimesNewRoman(0)/m/n/12 Penyusunan kesimpul-
 []


Underfull \hbox (badness 2119) in paragraph at lines 30--30
[]|\TU/TimesNewRoman(0)/m/n/12 Google Gemi-
 []


Overfull \hbox (13.72078pt too wide) in paragraph at lines 8--33
 [][] 
 []


Underfull \hbox (badness 10000) in paragraph at lines 36--38

 []

) (./5 Abstrak.tex

[7]

[8

]) (./6 Kata Pengantar.tex

[9]

[10

])

[11]

Package geometry Warning: `a4paper': not available in `\newgeometry'; skipped.

*geometry* verbose mode - [ newgeometry ] result:
* driver: xetex
* paper: a4paper
* layout: <same size as paper>
* layoutoffset:(h,v)=(0.0pt,0.0pt)
* modes: twoside 
* h-part:(L,W,R)=(113.81102pt, 398.3386pt, 85.35826pt)
* v-part:(T,H,B)=(85.35826pt, 674.33032pt, 85.35826pt)
* \paperwidth=597.50787pt
* \paperheight=845.04684pt
* \textwidth=398.3386pt
* \textheight=674.33032pt
* \oddsidemargin=41.54103pt
* \evensidemargin=13.08827pt
* \topmargin=-18.78552pt
* \headheight=12.0pt
* \headsep=19.8738pt
* \topskip=12.0pt
* \footskip=30.0pt
* \marginparwidth=88.0pt
* \marginparsep=7.0pt
* \columnsep=10.0pt
* \skip\footins=10.8pt plus 4.0pt minus 2.0pt
* \hoffset=0.0pt
* \voffset=0.0pt
* \mag=1000
* \@twocolumnfalse
* \@twosidetrue
* \@mparswitchtrue
* \@reversemarginfalse
* (1in=72.27pt=25.4mm, 1cm=28.453pt)

(./7 Daftar Isi.tex

[12


] (./TA.toc
Overfull \hbox (1.29614pt too wide) in paragraph at lines 174--174
 [][] [][][]\TU/TimesNewRoman(0)/m/n/12 Arsitektur \TU/TimesNewRoman(0)/m/it/12
 AutoRegressive Integrated Moving Average \TU/TimesNewRoman(0)/m/n/12 (ARI- 
 []


Overfull \hbox (4.2262pt too wide) in paragraph at lines 177--177
 [][] [][][]\TU/TimesNewRoman(0)/m/n/12 Hibridisasi Sekuensial (Metodologi Asim
ilasi Zhang dan Jus- 
 []


Underfull \vbox (badness 1178) has occurred while \output is active []



[13]
Overfull \hbox (0.58832pt too wide) detected at line 227
\TU/TimesNewRoman(0)/m/n/12 III.2.3.1 
 []


Overfull \hbox (0.58832pt too wide) detected at line 228
\TU/TimesNewRoman(0)/m/n/12 III.2.3.2 
 []


Overfull \hbox (0.58832pt too wide) detected at line 229
\TU/TimesNewRoman(0)/m/n/12 III.2.3.3 
 []


Overfull \hbox (0.58832pt too wide) detected at line 230
\TU/TimesNewRoman(0)/m/n/12 III.2.3.4 
 []


Overfull \hbox (0.58832pt too wide) detected at line 231
\TU/TimesNewRoman(0)/m/n/12 III.2.3.5 
 []



[14]
Overfull \hbox (0.58832pt too wide) detected at line 251
\TU/TimesNewRoman(0)/m/n/12 III.7.3.1 
 []


Overfull \hbox (0.58832pt too wide) detected at line 252
\TU/TimesNewRoman(0)/m/n/12 III.7.3.2 
 []


Overfull \hbox (0.58832pt too wide) detected at line 253
\TU/TimesNewRoman(0)/m/n/12 III.7.3.3 
 []


Overfull \hbox (0.58832pt too wide) detected at line 254
\TU/TimesNewRoman(0)/m/n/12 III.7.3.4 
 []


Overfull \hbox (0.58832pt too wide) detected at line 255
\TU/TimesNewRoman(0)/m/n/12 III.7.3.5 
 []


Overfull \hbox (9.28336pt too wide) in paragraph at lines 277--277
 [][] [][][]\TU/TimesNewRoman(0)/m/n/12 Justifikasi Efisiensi Optuna pada Ruang
 Hiperparameter Kom- 
 []



[15])
\tf@toc=\write5
\openout5 = `TA.toc'.

) (./8 Daftar Gambar.tex
Underfull \vbox (badness 2884) has occurred while \output is active []



[16]

[17]

[18

] (./TA.lof
Overfull \hbox (27.74011pt too wide) in paragraph at lines 139--139
 [][] [][][]\TU/TimesNewRoman(0)/m/n/12 Arsitektur Aliran Kerja Model Hibrida \
TU/TimesNewRoman(0)/m/it/12 Random Forest\TU/TimesNewRoman(0)/m/n/12 -ARIMA ([]
[]Yenkikar 
 []


Underfull \vbox (badness 10000) has occurred while \output is active []



[19])
\tf@lof=\write6
\openout6 = `TA.lof'.

) (./9 Daftar Tabel.tex

[20] (./TA.lot
Overfull \hbox (0.574pt too wide) in paragraph at lines 161--161
 [][] [][][]\TU/TimesNewRoman(0)/m/n/12 Ringkasan Statistik Deskriptif Konsentr
asi PM$[]$ pada Lima SPKUA 
 []

)
\tf@lot=\write7
\openout7 = `TA.lot'.

) (./10 Daftar Persamaan.tex

[21

]

[22

] (./TA.equ)
\tf@equ=\write8
\openout8 = `TA.equ'.

) (./11 Daftar Algoritma.tex

[23

]

[24

] (./TA.loa)
\tf@loa=\write9
\openout9 = `TA.loa'.

) (./13 Daftar Simbol.tex

[25

]

[26

] [27] [28]) (./14 Daftar Singkatan.tex

[29]

[30

]
Overfull \hbox (2.66713pt too wide) in alignment at lines 12--67
 [] [] [] 
 []

[31])

[32] (./Bab I - Pendahuluan.tex
Bab I.


[1



]
Overfull \hbox (2.73143pt too wide) in paragraph at lines 13--14
\TU/TimesNewRoman(0)/m/n/12 cemar Udara (ISPU) untuk menyampaikan status kualit
as udara kepada publik, meng-
 []


Overfull \hbox (4.44745pt too wide) in paragraph at lines 13--14
\TU/TimesNewRoman(0)/m/n/12 2020 ([][][][][]Kementerian Lingkungan Hidup dan Ke
hutanan Republik Indonesia[][], [][]Juli 2020[][][][][];
 []



[2]

[3]
Overfull \hbox (4.02664pt too wide) in paragraph at lines 35--36
\TU/TimesNewRoman(0)/m/n/12 tuk menganalisis dan menggambarkan kontribusi margi
nal dari masing-masing
 []



[4]

[5]
Underfull \vbox (badness 10000) has occurred while \output is active []



[6]
File: images/gambar1.png Graphic file (type bmp)
<images/gambar1.png>


Package biblatex-chicago Warning: Empty Ibidem citation on input line 99.


Package biblatex-chicago Warning: Empty Ibidem citation on input line 99.



[7]
Overfull \hbox (5.05542pt too wide) in paragraph at lines 125--126
[]\TU/TimesNewRoman(0)/m/it/12 Skema Pelatihan Kronologis\TU/TimesNewRoman(0)/m
/n/12 : Validasi model menggunakan metode \TU/TimesNewRoman(0)/m/it/12 Time-
 []


Underfull \vbox (badness 10000) has occurred while \output is active []



[8]
Overfull \hbox (0.37183pt too wide) in paragraph at lines 126--127
[]\TU/TimesNewRoman(0)/m/it/12 Hyperparameter Tuning\TU/TimesNewRoman(0)/m/n/12
 : Pencarian konfigurasi nilai hiperparameter (se-
 []



[9]) (./Bab II - Studi.tex

[10]
Bab II.


[11


]

[12]

[13]
Underfull \vbox (badness 4779) has occurred while \output is active []



[14]
Overfull \hbox (1.7877pt too wide) in paragraph at lines 94--95
\TU/TimesNewRoman(0)/m/n/12 Indeks Standar Pencemar Udara (ISPU) ([][][]Chaniag
o, Zahara, dan Ramadhani, [][]Septem-
 []



[15]

[16]

[17]

[18]

[19]

[20]

[21]

[22]
File: images/gambar2.png Graphic file (type bmp)
<images/gambar2.png>


Package biblatex-chicago Warning: Empty Ibidem citation on input line 293.


Package biblatex-chicago Warning: Empty Ibidem citation on input line 293.



[23]

[24]
Package microtype Info: Loading generic protrusion settings for font family
(microtype)             `lmtt' (encoding: TU).
(microtype)             For optimal results, create family-specific settings.
(microtype)             See the microtype manual for details.


[25] [26]

Package biblatex-chicago Warning: Empty Ibidem citation on input line 393.



[27]

[28]

[29]

[30]

[31]

Package hyperref Warning: Token not allowed in a PDF string (Unicode):
(hyperref)                removing `math shift' on input line 488.


Package hyperref Warning: Token not allowed in a PDF string (Unicode):
(hyperref)                removing `superscript' on input line 488.


Package hyperref Warning: Token not allowed in a PDF string (Unicode):
(hyperref)                removing `math shift' on input line 488.

)

[32] (./Bab III - Analisis.tex

[33]

[34

]
Bab III.


[35

]
File: images/gambar3.png Graphic file (type bmp)
<images/gambar3.png>


[36]

[37]
File: images/missing_value_analysis.png Graphic file (type bmp)
<images/missing_value_analysis.png>


[38]
Overfull \hbox (1.7018pt too wide) in paragraph at lines 91--91
 []|\TU/TimesNewRoman(0)/m/n/12 165.00| 
 []


Overfull \hbox (1.7018pt too wide) in paragraph at lines 91--91
 []|\TU/TimesNewRoman(0)/m/n/12 189.00| 
 []


Overfull \hbox (1.7018pt too wide) in paragraph at lines 91--91
 []|\TU/TimesNewRoman(0)/m/n/12 142.00| 
 []


Overfull \hbox (1.7018pt too wide) in paragraph at lines 91--91
 []|\TU/TimesNewRoman(0)/m/n/12 201.00| 
 []


Overfull \hbox (1.7018pt too wide) in paragraph at lines 91--91
 []|\TU/TimesNewRoman(0)/m/n/12 178.00| 
 []



[39]
File: images/trend_pm10_dki1.png Graphic file (type bmp)
<images/trend_pm10_dki1.png>
File: images/trend_pm10_dki2.png Graphic file (type bmp)
<images/trend_pm10_dki2.png>


[40]
File: images/trend_pm10_dki3.png Graphic file (type bmp)
<images/trend_pm10_dki3.png>


[41]
File: images/trend_pm10_dki4.png Graphic file (type bmp)
<images/trend_pm10_dki4.png>

Underfull \vbox (badness 3291) has occurred while \output is active []



[42]
File: images/trend_pm10_dki5.png Graphic file (type bmp)
<images/trend_pm10_dki5.png>


[43]

[44]
File: images/acf_pacf_pm10.png Graphic file (type bmp)
<images/acf_pacf_pm10.png>


[45]
File: images/ccf_polutan_lag.png Graphic file (type bmp)
<images/ccf_polutan_lag.png>


[46]
File: images/corr_matrix_polutan.png Graphic file (type bmp)
<images/corr_matrix_polutan.png>


[47]

[48]

[49]
Underfull \vbox (badness 10000) has occurred while \output is active []



[50]

[51]
Underfull \vbox (badness 3009) has occurred while \output is active []



[52]

[53]

[54]

[55]

[56]

[57]

[58]

[59]
Overfull \hbox (0.18085pt too wide) in paragraph at lines 656--657
\TU/TimesNewRoman(0)/m/n/12 mempertimbangkan karakteristik adaptasi struktural 
saat mengonfigurasi perancang-
 []



[60]) (./Bab IV - Perancangan.tex

[61]

[62

]
Bab IV.

Overfull \hbox (6.75584pt too wide) in paragraph at lines 11--12
[]\TU/TimesNewRoman(0)/m/n/12 Sistem pemantauan kualitas udara yang dikelola ol
eh Dinas Lingkungan Hidup (DLH)
 []



[63

]
File: images/sistem_sebelum.png Graphic file (type bmp)
<images/sistem_sebelum.png>


[64]
File: images/sistem_usulan.png Graphic file (type bmp)
<images/sistem_usulan.png>


[65]
Overfull \hbox (1.54999pt too wide) in paragraph at lines 73--74
\TU/TimesNewRoman(0)/m/n/12 gunakan hubungan antarpolutan untuk menangkap karak
teristik pola kompleks atmo-
 []



[66]
File: images/dfd_level0.png Graphic file (type bmp)
<images/dfd_level0.png>


[67]
Package hyperref Info: bookmark level for unknown algorithm defaults to 0 on in
put line 108.

Underfull \hbox (badness 10000) in paragraph at lines 111--112
[]\TU/TimesNewRoman(0)/m/n/12 Matriks data mentah stasiun $\OML/cmm/m/it/12 S \
OT1/cmr/m/n/12 =
 []


Overfull \hbox (4.7286pt too wide) in paragraph at lines 131--132
[]\TU/TimesNewRoman(0)/m/n/12 Dalam arsitektur data runtun waktu, pencegahan \T
U/TimesNewRoman(0)/m/it/12 data leakage \TU/TimesNewRoman(0)/m/n/12 (khususnya 
\TU/TimesNewRoman(0)/m/it/12 look-ahead
 []



[68]
File: images/activity_diagram.png Graphic file (type bmp)
<images/activity_diagram.png>


[69]
File: images/sequence_diagram.png Graphic file (type bmp)
<images/sequence_diagram.png>


[70]

[71]

[72]
File: images/flowchart.png Graphic file (type bmp)
<images/flowchart.png>


[73]

[74]

[75]

[76]

[77]
Overfull \hbox (15.07938pt too wide) in paragraph at lines 334--335
\TU/TimesNewRoman(0)/m/n/12 sitas tersebut dengan menerapkan pencarian berbasis
 optimasi Bayesian Tree-structured
 []



[78]

[79]
File: images/skema_validasi.png Graphic file (type bmp)
<images/skema_validasi.png>


[80]

[81]

[82]) (./Bab V - Implementasi.tex

[83]

[84

]
Bab V.


[85

]
File: images/0.png Graphic file (type bmp)
<images/0.png>


[86]
File: images/1.png Graphic file (type bmp)
<images/1.png>


[87]
File: images/4.png Graphic file (type bmp)
<images/4.png>


[88]
File: images/2.png Graphic file (type bmp)
<images/2.png>
File: images/3.png Graphic file (type bmp)
<images/3.png>


[89]
File: images/5.png Graphic file (type bmp)
<images/5.png>


[90]
File: images/11.png Graphic file (type bmp)
<images/11.png>


[91]
File: images/12.png Graphic file (type bmp)
<images/12.png>


[92]
File: images/13.png Graphic file (type bmp)
<images/13.png>


[93]

[94]
File: images/15.png Graphic file (type bmp)
<images/15.png>


[95]
File: images/16.png Graphic file (type bmp)
<images/16.png>


[96]
File: images/18.png Graphic file (type bmp)
<images/18.png>

Underfull \vbox (badness 1242) has occurred while \output is active []



[97]) (./Bab VI - Evaluasi.tex

[98]
Bab VI.


[99


]

[100]
File: images/15.png Graphic file (type bmp)
<images/15.png>


[101]
File: images/19.png Graphic file (type bmp)
<images/19.png>


[102]
File: images/20.png Graphic file (type bmp)
<images/20.png>


[103]
File: images/27.png Graphic file (type bmp)
<images/27.png>
File: images/28.png Graphic file (type bmp)
<images/28.png>

Overfull \hbox (17.4122pt too wide) in paragraph at lines 157--158
[]\TU/TimesNewRoman(0)/m/n/12 Berdasarkan analisis tingkat kepentingan tersebut
, variabel \TU/TimesNewRoman(0)/m/it/12 max_depth \TU/TimesNewRoman(0)/m/n/12 d
an \TU/TimesNewRoman(0)/m/it/12 n_estimators
 []

File: images/29.png Graphic file (type bmp)
<images/29.png>


[104]
File: images/26.png Graphic file (type bmp)
<images/26.png>


[105]
File: images/analisis_kompleksitas.png Graphic file (type bmp)
<images/analisis_kompleksitas.png>


[106]
File: images/21.png Graphic file (type bmp)
<images/21.png>
File: images/22.png Graphic file (type bmp)
<images/22.png>


[107]

[108]
File: images/31.png Graphic file (type bmp)
<images/31.png>


[109]

[110]
File: images/32.png Graphic file (type bmp)
<images/32.png>


[111]) (./Bab VII - Penutup.tex

[112]
Bab VII.


[113


]

[114])

[115]

[116

]
Overfull \hbox (4.94186pt too wide) in paragraph at lines 409--409
\TU/TimesNewRoman(0)/m/it/12 International Journal of Engineering and Science I
nvention \TU/TimesNewRoman(0)/m/n/12 14 (6): 45–48. ISSN:
 []


Overfull \hbox (0.62852pt too wide) in paragraph at lines 409--409
[][]\TU/TimesNewRoman(0)/m/n/12 Firdaus, Fadhil Muhammad, Beth Elliott, Jorie M
alsch, dan Paulista Surjadi. Septem-
 []



[117

]
Overfull \hbox (14.3153pt too wide) in paragraph at lines 409--409
\TU/TimesNewRoman(0)/m/it/12 P.14/MENLHK/SETJEN/KUM.1/7/2020 tentang Indeks Sta
ndar Pencemar Udara.
 []



[118]
Overfull \hbox (2.32478pt too wide) in paragraph at lines 409--409
[][]\TU/TimesNewRoman(0)/m/n/12 Naz, Fareena, Muhammad Fahim, Adnan Ahmad Cheem
a, Nguyen Trung Viet, Tuan-
 []


Overfull \hbox (3.6167pt too wide) in paragraph at lines 409--409
\TU/TimesNewRoman(0)/m/n/12 jawane. Oktober 2025. “  Improving Air Quality Fore
casts with LSTM and SHAP
 []



[119] (./Lampiran-A.tex

[120]
Lampiran A.
)

[121


]

[122

]

Package caption Warning: Unused \captionsetup[lstlisting] on input line 306.
See the caption package documentation for explanation.

(./TA.aux)
 ***********
LaTeX2e <2025-06-01> patch level 1
L3 programming layer <2025-10-24>
 ***********
Package rerunfilecheck Info: File `TA.out' has not changed.
(rerunfilecheck)             Checksum: 2ABF2B564904F267A4531E20C73E113E;42447.
Package logreq Info: Writing requests to 'TA.run.xml'.
\openout1 = `TA.run.xml'.

 ) 
Here is how much of TeX's memory you used:
 35160 strings out of 469860
 691553 string characters out of 5472646
 2127423 words of memory out of 5000000
 63077 multiletter control sequences out of 15000+600000
 634498 words of font info for 93 fonts, out of 8000000 for 9000
 374 hyphenation exceptions out of 8191
 73i,14n,95p,1921b,8588s stack positions out of 10000i,1000n,20000p,200000b,200000s

Output written on TA.pdf (154 pages).
