\BOOKMARK [0][-]{chapter*.2}{\376\377\000L\000E\000M\000B\000A\000R\000\040\000P\000E\000N\000G\000E\000S\000A\000H\000A\000N}{}% 1
\BOOKMARK [0][-]{chapter*.3}{\376\377\000P\000E\000R\000N\000Y\000A\000T\000A\000A\000N\000\040\000O\000R\000I\000S\000I\000N\000A\000L\000I\000T\000A\000S}{}% 2
\BOOKMARK [0][-]{chapter*.4}{\376\377\000P\000E\000R\000N\000Y\000A\000T\000A\000A\000N\000\040\000P\000E\000N\000G\000G\000U\000N\000A\000A\000N\000\040\000A\000I}{}% 3
\BOOKMARK [0][-]{chapter*.6}{\376\377\000A\000B\000S\000T\000R\000A\000K}{}% 4
\BOOKMARK [0][-]{chapter*.7}{\376\377\000K\000A\000T\000A\000\040\000P\000E\000N\000G\000A\000N\000T\000A\000R}{}% 5
\BOOKMARK [0][-]{section*.8}{\376\377\000D\000A\000F\000T\000A\000R\000\040\000I\000S\000I}{}% 6
\BOOKMARK [0][-]{section*.9}{\376\377\000D\000A\000F\000T\000A\000R\000\040\000G\000A\000M\000B\000A\000R}{}% 7
\BOOKMARK [0][-]{section*.10}{\376\377\000D\000A\000F\000T\000A\000R\000\040\000T\000A\000B\000E\000L}{}% 8
\BOOKMARK [0][-]{chapter*.11}{\376\377\000D\000A\000F\000T\000A\000R\000\040\000P\000E\000R\000S\000A\000M\000A\000A\000N}{}% 9
\BOOKMARK [0][-]{chapter*.12}{\376\377\000D\000A\000F\000T\000A\000R\000\040\000A\000L\000G\000O\000R\000I\000T\000M\000A}{}% 10
\BOOKMARK [0][-]{chapter*.12}{\376\377\000D\000A\000F\000T\000A\000R\000\040\000S\000I\000M\000B\000O\000L}{}% 11
\BOOKMARK [0][-]{table.0.1}{\376\377\000D\000A\000F\000T\000A\000R\000\040\000S\000I\000N\000G\000K\000A\000T\000A\000N}{}% 12
\BOOKMARK [0][-]{chapter.1}{\376\377\000P\000E\000N\000D\000A\000H\000U\000L\000U\000A\000N}{}% 13
\BOOKMARK [1][-]{section.1.1}{\376\377\000L\000a\000t\000a\000r\000\040\000B\000e\000l\000a\000k\000a\000n\000g}{chapter.1}% 14
\BOOKMARK [1][-]{section.1.2}{\376\377\000R\000u\000m\000u\000s\000a\000n\000\040\000M\000a\000s\000a\000l\000a\000h}{chapter.1}% 15
\BOOKMARK [1][-]{section.1.3}{\376\377\000T\000u\000j\000u\000a\000n\000\040\000P\000e\000n\000e\000l\000i\000t\000i\000a\000n}{chapter.1}% 16
\BOOKMARK [1][-]{section.1.4}{\376\377\000K\000r\000i\000t\000e\000r\000i\000a\000\040\000K\000e\000b\000e\000r\000h\000a\000s\000i\000l\000a\000n}{chapter.1}% 17
\BOOKMARK [1][-]{section.1.5}{\376\377\000M\000a\000n\000f\000a\000a\000t\000\040\000P\000e\000n\000e\000l\000i\000t\000i\000a\000n}{chapter.1}% 18
\BOOKMARK [1][-]{section.1.6}{\376\377\000K\000o\000n\000t\000r\000i\000b\000u\000s\000i\000\040\000P\000e\000n\000e\000l\000i\000t\000i\000a\000n}{chapter.1}% 19
\BOOKMARK [1][-]{section.1.7}{\376\377\000B\000a\000t\000a\000s\000a\000n\000\040\000M\000a\000s\000a\000l\000a\000h}{chapter.1}% 20
\BOOKMARK [1][-]{section.1.8}{\376\377\000M\000e\000t\000o\000d\000o\000l\000o\000g\000i\000\040\000P\000e\000n\000e\000l\000i\000t\000i\000a\000n}{chapter.1}% 21
\BOOKMARK [1][-]{section.1.9}{\376\377\000S\000i\000s\000t\000e\000m\000a\000t\000i\000k\000a\000\040\000P\000e\000n\000u\000l\000i\000s\000a\000n}{chapter.1}% 22
\BOOKMARK [0][-]{chapter.2}{\376\377\000S\000T\000U\000D\000I\000\040\000L\000I\000T\000E\000R\000A\000T\000U\000R}{}% 23
\BOOKMARK [1][-]{section.2.1}{\376\377\000P\000e\000m\000e\000t\000a\000a\000n\000\040\000R\000i\000s\000e\000t\000\040\000T\000e\000r\000k\000a\000i\000t\000\040\000\050\000S\000t\000a\000t\000e\000-\000o\000f\000-\000t\000h\000e\000-\000A\000r\000t\000\051}{chapter.2}% 24
\BOOKMARK [2][-]{subsection.2.1.1}{\376\377\000M\000a\000t\000r\000i\000k\000s\000\040\000P\000e\000r\000b\000a\000n\000d\000i\000n\000g\000a\000n\000\040\000L\000i\000t\000e\000r\000a\000t\000u\000r\000\040\000T\000e\000r\000k\000i\000n\000i}{section.2.1}% 25
\BOOKMARK [2][-]{subsection.2.1.2}{\376\377\000I\000d\000e\000n\000t\000i\000f\000i\000k\000a\000s\000i\000\040\000K\000e\000s\000e\000n\000j\000a\000n\000g\000a\000n\000\040\000R\000i\000s\000e\000t\000\040\000\050\000R\000e\000s\000e\000a\000r\000c\000h\000\040\000G\000a\000p\000\040\000A\000n\000a\000l\000y\000s\000i\000s\000\051}{section.2.1}% 26
\BOOKMARK [1][-]{section.2.2}{\376\377\000D\000o\000m\000a\000i\000n\000\040\000S\000a\000i\000n\000s\000\040\000A\000t\000m\000o\000s\000f\000e\000r\000\040\000d\000a\000n\000\040\000P\000a\000r\000a\000d\000i\000g\000m\000a\000\040\000R\000e\000g\000u\000l\000a\000s\000i\000\040\000I\000S\000P\000U}{chapter.2}% 27
\BOOKMARK [2][-]{subsection.2.2.1}{\376\377\000K\000r\000i\000s\000i\000s\000\040\000P\000o\000l\000u\000s\000i\000\040\000J\000a\000k\000a\000r\000t\000a\000\040\000d\000a\000n\000\040\000I\000n\000t\000e\000g\000r\000i\000t\000a\000s\000\040\000D\000a\000t\000a\000s\000e\000t}{section.2.2}% 28
\BOOKMARK [2][-]{subsection.2.2.2}{\376\377\000K\000a\000l\000k\000u\000l\000a\000s\000i\000\040\000I\000n\000d\000e\000k\000s\000\040\000S\000t\000a\000n\000d\000a\000r\000\040\000P\000e\000n\000c\000e\000m\000a\000r\000\040\000U\000d\000a\000r\000a\000\040\000\050\000I\000S\000P\000U\000\051}{section.2.2}% 29
\BOOKMARK [2][-]{subsection.2.2.3}{\376\377\000M\000e\000k\000a\000n\000i\000s\000m\000e\000\040\000F\000o\000t\000o\000k\000i\000m\000i\000a\000:\000\040\000J\000u\000s\000t\000i\000f\000i\000k\000a\000s\000i\000\040\000I\000n\000t\000e\000r\000a\000k\000s\000i\000\040\000F\000i\000t\000u\000r\000\040\000K\000o\000m\000p\000o\000s\000i\000t}{section.2.2}% 30
\BOOKMARK [1][-]{section.2.3}{\376\377\000F\000o\000n\000d\000a\000s\000i\000\040\000T\000e\000o\000r\000e\000t\000i\000s\000\040\000A\000n\000a\000l\000i\000s\000i\000s\000\040\000D\000e\000r\000e\000t\000\040\000W\000a\000k\000t\000u\000\040\000\050\000T\000i\000m\000e\000\040\000S\000e\000r\000i\000e\000s\000\040\000A\000n\000a\000l\000y\000s\000i\000s\000\051}{chapter.2}% 31
\BOOKMARK [2][-]{subsection.2.3.1}{\376\377\000K\000a\000r\000a\000k\000t\000e\000r\000i\000s\000t\000i\000k\000\040\000K\000o\000m\000p\000o\000n\000e\000n\000\040\000T\000e\000m\000p\000o\000r\000a\000l}{section.2.3}% 32
\BOOKMARK [2][-]{subsection.2.3.2}{\376\377\000P\000r\000i\000n\000s\000i\000p\000\040\000S\000t\000a\000s\000i\000o\000n\000e\000r\000i\000t\000a\000s\000\040\000d\000a\000n\000\040\000F\000o\000r\000m\000u\000l\000a\000s\000i\000\040\000P\000e\000n\000g\000u\000j\000i\000a\000n\000\040\000A\000D\000F}{section.2.3}% 33
\BOOKMARK [2][-]{subsection.2.3.3}{\376\377\000A\000u\000t\000o\000c\000o\000r\000r\000e\000l\000a\000t\000i\000o\000n\000\040\000d\000a\000n\000\040\000P\000a\000r\000t\000i\000a\000l\000\040\000A\000u\000t\000o\000c\000o\000r\000r\000e\000l\000a\000t\000i\000o\000n\000\040\000F\000u\000n\000c\000t\000i\000o\000n\000\040\000\050\000A\000C\000F\000\040\000\046\000\040\000P\000A\000C\000F\000\051}{section.2.3}% 34
\BOOKMARK [1][-]{section.2.4}{\376\377\000T\000a\000k\000s\000o\000n\000o\000m\000i\000\040\000A\000l\000g\000o\000r\000i\000t\000m\000a\000\040\000R\000e\000g\000r\000e\000s\000i\000\040\000d\000a\000n\000\040\000T\000e\000o\000r\000i\000\040\000H\000i\000b\000r\000i\000d\000i\000s\000a\000s\000i}{chapter.2}% 35
\BOOKMARK [2][-]{subsection.2.4.1}{\376\377\000A\000l\000g\000o\000r\000i\000t\000m\000a\000\040\000R\000a\000n\000d\000o\000m\000\040\000F\000o\000r\000e\000s\000t\000\040\000R\000e\000g\000r\000e\000s\000s\000o\000r}{section.2.4}% 36
\BOOKMARK [2][-]{subsection.2.4.2}{\376\377\000A\000r\000s\000i\000t\000e\000k\000t\000u\000r\000\040\000A\000u\000t\000o\000R\000e\000g\000r\000e\000s\000s\000i\000v\000e\000\040\000I\000n\000t\000e\000g\000r\000a\000t\000e\000d\000\040\000M\000o\000v\000i\000n\000g\000\040\000A\000v\000e\000r\000a\000g\000e\000\040\000\050\000A\000R\000I\000M\000A\000\051}{section.2.4}% 37
\BOOKMARK [2][-]{subsection.2.4.3}{\376\377\000H\000i\000b\000r\000i\000d\000i\000s\000a\000s\000i\000\040\000S\000e\000k\000u\000e\000n\000s\000i\000a\000l\000\040\000\050\000M\000e\000t\000o\000d\000o\000l\000o\000g\000i\000\040\000A\000s\000i\000m\000i\000l\000a\000s\000i\000\040\000Z\000h\000a\000n\000g\000\040\000d\000a\000n\000\040\000J\000u\000s\000t\000i\000f\000i\000k\000a\000s\000i\000\040\000R\000e\000s\000i\000d\000u\000\051}{section.2.4}% 38
\BOOKMARK [2][-]{subsection.2.4.4}{\376\377\000J\000u\000s\000t\000i\000f\000i\000k\000a\000s\000i\000\040\000P\000e\000m\000o\000d\000e\000l\000a\000n\000\040\000R\000e\000s\000i\000d\000u\000\040\000L\000i\000n\000i\000e\000r\000\040\000M\000e\000n\000g\000g\000u\000n\000a\000k\000a\000n\000\040\000A\000R\000I\000M\000A}{section.2.4}% 39
\BOOKMARK [1][-]{section.2.5}{\376\377\000R\000e\000k\000a\000y\000a\000s\000a\000\040\000F\000i\000t\000u\000r\000\040\000\050\000F\000e\000a\000t\000u\000r\000e\000\040\000E\000n\000g\000i\000n\000e\000e\000r\000i\000n\000g\000\051\000\040\000D\000i\000m\000e\000n\000s\000i\000\040\000A\000t\000m\000o\000s\000f\000e\000r\000i\000k}{chapter.2}% 40
\BOOKMARK [2][-]{subsection.2.5.1}{\376\377\000K\000a\000l\000k\000u\000l\000a\000s\000i\000\040\000J\000e\000d\000a\000\040\000T\000e\000m\000p\000o\000r\000a\000l\000\040\000\050\000L\000a\000g\000\040\000F\000e\000a\000t\000u\000r\000e\000s\000\051}{section.2.5}% 41
\BOOKMARK [2][-]{subsection.2.5.2}{\376\377\000M\000e\000t\000r\000i\000k\000\040\000T\000r\000e\000n\000\040\000B\000e\000r\000j\000a\000l\000a\000n\000\040\000\050\000R\000o\000l\000l\000i\000n\000g\000\040\000W\000i\000n\000d\000o\000w\000\040\000S\000t\000a\000t\000i\000s\000t\000i\000c\000s\000\051}{section.2.5}% 42
\BOOKMARK [2][-]{subsection.2.5.3}{\376\377\000P\000e\000n\000a\000n\000d\000a\000\040\000T\000e\000m\000p\000o\000r\000a\000l\000\040\000K\000a\000t\000e\000g\000o\000r\000i\000k\000a\000l\000\040\000d\000a\000n\000\040\000I\000n\000t\000e\000r\000a\000k\000s\000i\000\040\000P\000o\000l\000u\000t\000a\000n}{section.2.5}% 43
\BOOKMARK [2][-]{subsection.2.5.4}{\376\377\000S\000p\000e\000s\000i\000f\000i\000k\000a\000s\000i\000\040\000M\000a\000t\000r\000i\000k\000s\000\040\000F\000i\000t\000u\000r\000\040\000P\000r\000e\000d\000i\000k\000t\000o\000r}{section.2.5}% 44
\BOOKMARK [1][-]{section.2.6}{\376\377\000P\000r\000o\000s\000e\000d\000u\000r\000\040\000P\000e\000n\000y\000e\000t\000e\000l\000a\000n\000\040\000P\000a\000r\000a\000m\000e\000t\000e\000r\000\040\000M\000e\000n\000g\000g\000u\000n\000a\000k\000a\000n\000\040\000O\000p\000t\000u\000n\000a}{chapter.2}% 45
\BOOKMARK [2][-]{subsection.2.6.1}{\376\377\000P\000e\000r\000b\000a\000n\000d\000i\000n\000g\000a\000n\000\040\000M\000e\000t\000o\000d\000e\000\040\000G\000r\000i\000d\000\040\000S\000e\000a\000r\000c\000h\000\040\000d\000a\000n\000\040\000P\000e\000n\000c\000a\000r\000i\000a\000n\000\040\000P\000r\000o\000b\000a\000b\000i\000l\000i\000s\000t\000i\000k}{section.2.6}% 46
\BOOKMARK [2][-]{subsection.2.6.2}{\376\377\000M\000e\000k\000a\000n\000i\000s\000m\000e\000\040\000P\000e\000n\000c\000a\000r\000i\000a\000n\000\040\000B\000e\000r\000b\000a\000s\000i\000s\000\040\000T\000r\000e\000e\000-\000s\000t\000r\000u\000c\000t\000u\000r\000e\000d\000\040\000P\000a\000r\000z\000e\000n\000\040\000E\000s\000t\000i\000m\000a\000t\000o\000r\000\040\000\050\000T\000P\000E\000\051}{section.2.6}% 47
\BOOKMARK [2][-]{subsection.2.6.3}{\376\377\000P\000r\000o\000s\000e\000d\000u\000r\000\040\000P\000e\000m\000a\000n\000g\000k\000a\000s\000a\000n\000\040\000P\000e\000r\000c\000o\000b\000a\000a\000n\000\040\000\050\000P\000r\000u\000n\000i\000n\000g\000\051}{section.2.6}% 48
\BOOKMARK [1][-]{section.2.7}{\376\377\000S\000k\000a\000l\000a\000b\000i\000l\000i\000t\000a\000s\000\040\000d\000a\000n\000\040\000K\000o\000m\000p\000l\000e\000k\000s\000i\000t\000a\000s\000\040\000K\000o\000m\000p\000u\000t\000a\000s\000i\000\040\000A\000l\000g\000o\000r\000i\000t\000m\000a}{chapter.2}% 49
\BOOKMARK [2][-]{subsection.2.7.1}{\376\377\000K\000o\000m\000p\000l\000e\000k\000s\000i\000t\000a\000s\000\040\000K\000o\000m\000p\000u\000t\000a\000s\000i\000\040\000F\000a\000s\000e\000\040\000P\000r\000i\000m\000e\000r\000:\000\040\000R\000a\000n\000d\000o\000m\000\040\000F\000o\000r\000e\000s\000t}{section.2.7}% 50
\BOOKMARK [2][-]{subsection.2.7.2}{\376\377\000K\000o\000m\000p\000l\000e\000k\000s\000i\000t\000a\000s\000\040\000K\000o\000m\000p\000u\000t\000a\000s\000i\000\040\000F\000a\000s\000e\000\040\000S\000e\000k\000u\000n\000d\000e\000r\000:\000\040\000A\000r\000s\000i\000t\000e\000k\000t\000u\000r\000\040\000A\000R\000I\000M\000A}{section.2.7}% 51
\BOOKMARK [1][-]{section.2.8}{\376\377\000I\000n\000t\000e\000r\000p\000r\000e\000t\000a\000b\000i\000l\000i\000t\000a\000s\000\040\000M\000o\000d\000e\000l\000\040\000m\000e\000n\000g\000g\000u\000n\000a\000k\000a\000n\000\040\000S\000H\000A\000P}{chapter.2}% 52
\BOOKMARK [2][-]{subsection.2.8.1}{\376\377\000J\000u\000s\000t\000i\000f\000i\000k\000a\000s\000i\000\040\000V\000a\000l\000i\000d\000i\000t\000a\000s\000\040\000S\000H\000A\000P\000\040\000p\000a\000d\000a\000\040\000M\000o\000d\000e\000l\000\040\000H\000i\000b\000r\000i\000d\000a\000\040\000S\000e\000k\000u\000e\000n\000s\000i\000a\000l}{section.2.8}% 53
\BOOKMARK [2][-]{subsection.2.8.2}{\376\377\000D\000i\000s\000t\000r\000i\000b\000u\000s\000i\000\040\000A\000t\000r\000i\000b\000u\000s\000i\000\040\000S\000h\000a\000p\000l\000e\000y\000\040\000V\000a\000l\000u\000e}{section.2.8}% 54
\BOOKMARK [2][-]{subsection.2.8.3}{\376\377\000I\000n\000t\000e\000r\000p\000r\000e\000t\000a\000s\000i\000\040\000V\000i\000s\000u\000a\000l\000\040\000D\000i\000a\000g\000n\000o\000s\000t\000i\000k\000\040\000S\000H\000A\000P}{section.2.8}% 55
\BOOKMARK [1][-]{section.2.9}{\376\377\000P\000r\000o\000s\000e\000d\000u\000r\000\040\000P\000e\000n\000g\000u\000k\000u\000r\000a\000n\000\040\000G\000a\000l\000a\000t\000\040\000d\000a\000n\000\040\000S\000k\000e\000m\000a\000\040\000V\000a\000l\000i\000d\000a\000s\000i\000\040\000T\000e\000m\000p\000o\000r\000a\000l}{chapter.2}% 56
\BOOKMARK [2][-]{subsection.2.9.1}{\376\377\000M\000e\000t\000r\000i\000k\000\040\000R\000o\000o\000t\000\040\000M\000e\000a\000n\000\040\000S\000q\000u\000a\000r\000e\000\040\000E\000r\000r\000o\000r\000\040\000\050\000R\000M\000S\000E\000\051}{section.2.9}% 57
\BOOKMARK [2][-]{subsection.2.9.2}{\376\377\000M\000e\000t\000r\000i\000k\000\040\000M\000e\000a\000n\000\040\000A\000b\000s\000o\000l\000u\000t\000e\000\040\000E\000r\000r\000o\000r\000\040\000\050\000M\000A\000E\000\051\000\040\000d\000a\000n\000\040\000K\000o\000e\000f\000i\000s\000i\000e\000n\000\040\000D\000e\000t\000e\000r\000m\000i\000n\000a\000s\000i\000\040\000\050\000R\0002\000\051}{section.2.9}% 58
\BOOKMARK [2][-]{subsection.2.9.3}{\376\377\000S\000k\000e\000m\000a\000\040\000V\000a\000l\000i\000d\000a\000s\000i\000\040\000T\000e\000m\000p\000o\000r\000a\000l\000\040\000T\000i\000m\000e\000-\000S\000e\000r\000i\000e\000s\000\040\000F\000o\000r\000w\000a\000r\000d\000\040\000C\000h\000a\000i\000n\000i\000n\000g}{section.2.9}% 59
\BOOKMARK [0][-]{chapter.3}{\376\377\000A\000N\000A\000L\000I\000S\000I\000S\000\040\000M\000A\000S\000A\000L\000A\000H}{}% 60
\BOOKMARK [1][-]{section.3.1}{\376\377\000A\000n\000a\000l\000i\000s\000i\000s\000\040\000K\000o\000n\000d\000i\000s\000i\000\040\000S\000a\000a\000t\000\040\000I\000n\000i\000\040\000d\000a\000n\000\040\000K\000e\000s\000e\000n\000j\000a\000n\000g\000a\000n\000\040\000S\000i\000s\000t\000e\000m}{chapter.3}% 61
\BOOKMARK [2][-]{subsection.3.1.1}{\376\377\000A\000r\000s\000i\000t\000e\000k\000t\000u\000r\000\040\000S\000i\000s\000t\000e\000m\000\040\000P\000e\000m\000a\000n\000t\000a\000u\000a\000n\000\040\000B\000e\000r\000j\000a\000l\000a\000n}{section.3.1}% 62
\BOOKMARK [2][-]{subsection.3.1.2}{\376\377\000A\000n\000a\000l\000i\000s\000i\000s\000\040\000K\000e\000s\000e\000n\000j\000a\000n\000g\000a\000n\000\040\000\050\000G\000a\000p\000\040\000A\000n\000a\000l\000y\000s\000i\000s\000\051\000\040\000d\000a\000n\000\040\000K\000e\000t\000e\000r\000b\000a\000t\000a\000s\000a\000n\000\040\000L\000i\000t\000e\000r\000a\000t\000u\000r}{section.3.1}% 63
\BOOKMARK [1][-]{section.3.2}{\376\377\000A\000n\000a\000l\000i\000s\000i\000s\000\040\000K\000a\000r\000a\000k\000t\000e\000r\000i\000s\000t\000i\000k\000\040\000D\000a\000t\000a\000s\000e\000t\000\040\000K\000u\000a\000l\000i\000t\000a\000s\000\040\000U\000d\000a\000r\000a\000\040\000\050\000D\000a\000t\000a\000\040\000P\000r\000o\000f\000i\000l\000i\000n\000g\000\051}{chapter.3}% 64
\BOOKMARK [2][-]{subsection.3.2.1}{\376\377\000A\000n\000a\000l\000i\000s\000i\000s\000\040\000I\000n\000t\000e\000g\000r\000i\000t\000a\000s\000\040\000D\000a\000t\000a\000\040\000d\000a\000n\000\040\000K\000e\000l\000a\000y\000a\000k\000a\000n\000\040\000M\000u\000l\000t\000i\000v\000a\000r\000i\000a\000t}{section.3.2}% 65
\BOOKMARK [2][-]{subsection.3.2.2}{\376\377\000S\000t\000a\000t\000i\000s\000t\000i\000k\000\040\000D\000e\000s\000k\000r\000i\000p\000t\000i\000f\000\040\000G\000l\000o\000b\000a\000l\000\040\000p\000e\000r\000\040\000S\000t\000a\000s\000i\000u\000n}{section.3.2}% 66
\BOOKMARK [2][-]{subsection.3.2.3}{\376\377\000K\000a\000r\000a\000k\000t\000e\000r\000i\000s\000t\000i\000k\000\040\000S\000p\000a\000s\000i\000a\000l\000-\000T\000e\000m\000p\000o\000r\000a\000l\000\040\000p\000e\000r\000\040\000S\000t\000a\000s\000i\000u\000n\000\040\000P\000e\000m\000a\000n\000t\000a\000u\000a\000n}{section.3.2}% 67
\BOOKMARK [3][-]{subsubsection.3.2.3.1}{\376\377\000S\000t\000a\000s\000i\000u\000n\000\040\000D\000K\000I\0001\000\040\000\050\000B\000u\000n\000d\000e\000r\000a\000n\000\040\000H\000I\000\051}{subsection.3.2.3}% 68
\BOOKMARK [3][-]{subsubsection.3.2.3.2}{\376\377\000S\000t\000a\000s\000i\000u\000n\000\040\000D\000K\000I\0002\000\040\000\050\000K\000e\000l\000a\000p\000a\000\040\000G\000a\000d\000i\000n\000g\000\051}{subsection.3.2.3}% 69
\BOOKMARK [3][-]{subsubsection.3.2.3.3}{\376\377\000S\000t\000a\000s\000i\000u\000n\000\040\000D\000K\000I\0003\000\040\000\050\000J\000a\000g\000a\000k\000a\000r\000s\000a\000\051}{subsection.3.2.3}% 70
\BOOKMARK [3][-]{subsubsection.3.2.3.4}{\376\377\000S\000t\000a\000s\000i\000u\000n\000\040\000D\000K\000I\0004\000\040\000\050\000L\000u\000b\000a\000n\000g\000\040\000B\000u\000a\000y\000a\000\051}{subsection.3.2.3}% 71
\BOOKMARK [3][-]{subsubsection.3.2.3.5}{\376\377\000S\000t\000a\000s\000i\000u\000n\000\040\000D\000K\000I\0005\000\040\000\050\000K\000e\000b\000o\000n\000\040\000J\000e\000r\000u\000k\000\051}{subsection.3.2.3}% 72
\BOOKMARK [2][-]{subsection.3.2.4}{\376\377\000A\000n\000a\000l\000i\000s\000i\000s\000\040\000H\000e\000t\000e\000r\000o\000g\000e\000n\000i\000t\000a\000s\000\040\000S\000p\000a\000s\000i\000a\000l\000\040\000M\000e\000l\000a\000l\000u\000i\000\040\000U\000j\000i\000\040\000S\000t\000a\000t\000i\000s\000t\000i\000k}{section.3.2}% 73
\BOOKMARK [2][-]{subsection.3.2.5}{\376\377\000A\000n\000a\000l\000i\000s\000i\000s\000\040\000A\000u\000t\000o\000k\000o\000r\000e\000l\000a\000s\000i\000\040\000d\000a\000n\000\040\000M\000u\000s\000i\000m\000a\000n}{section.3.2}% 74
\BOOKMARK [1][-]{section.3.3}{\376\377\000A\000n\000a\000l\000i\000s\000i\000s\000\040\000D\000o\000m\000a\000i\000n\000:\000\040\000K\000a\000u\000s\000a\000l\000i\000t\000a\000s\000\040\000d\000a\000n\000\040\000D\000i\000n\000a\000m\000i\000k\000a\000\040\000P\000o\000l\000u\000t\000a\000n}{chapter.3}% 75
\BOOKMARK [2][-]{subsection.3.3.1}{\376\377\000A\000n\000a\000l\000i\000s\000i\000s\000\040\000K\000a\000u\000s\000a\000l\000i\000t\000a\000s\000\040\000L\000i\000n\000t\000a\000s\000\040\000W\000a\000k\000t\000u\000\040\000\050\000C\000r\000o\000s\000s\000-\000C\000o\000r\000r\000e\000l\000a\000t\000i\000o\000n\000\040\000A\000n\000a\000l\000y\000s\000i\000s\000\051}{section.3.3}% 76
\BOOKMARK [2][-]{subsection.3.3.2}{\376\377\000M\000e\000k\000a\000n\000i\000s\000m\000e\000\040\000F\000i\000s\000i\000k\000\040\000d\000a\000n\000\040\000K\000i\000m\000i\000a\000\040\000P\000e\000m\000b\000e\000n\000t\000u\000k\000a\000n\000\040\000P\000a\000r\000t\000i\000k\000u\000l\000a\000t\000\040\000S\000e\000k\000u\000n\000d\000e\000r}{section.3.3}% 77
\BOOKMARK [1][-]{section.3.4}{\376\377\000F\000o\000r\000m\000a\000l\000i\000s\000a\000s\000i\000\040\000M\000a\000s\000a\000l\000a\000h\000\040\000M\000a\000t\000e\000m\000a\000t\000i\000s}{chapter.3}% 78
\BOOKMARK [1][-]{section.3.5}{\376\377\000D\000e\000s\000a\000i\000n\000\040\000E\000k\000s\000t\000r\000a\000k\000s\000i\000\040\000F\000i\000t\000u\000r\000\040\000D\000e\000r\000e\000t\000\040\000W\000a\000k\000t\000u\000\040\000\050\000F\000e\000a\000t\000u\000r\000e\000\040\000E\000n\000g\000i\000n\000e\000e\000r\000i\000n\000g\000\051}{chapter.3}% 79
\BOOKMARK [2][-]{subsection.3.5.1}{\376\377\000F\000i\000t\000u\000r\000\040\000J\000e\000d\000a\000\040\000T\000e\000m\000p\000o\000r\000a\000l\000\040\000\050\000L\000a\000g\000\040\000F\000e\000a\000t\000u\000r\000e\000s\000\051}{section.3.5}% 80
\BOOKMARK [2][-]{subsection.3.5.2}{\376\377\000F\000i\000t\000u\000r\000\040\000S\000t\000a\000t\000i\000s\000t\000i\000k\000\040\000J\000e\000n\000d\000e\000l\000a\000\040\000B\000e\000r\000j\000a\000l\000a\000n\000\040\000\050\000R\000o\000l\000l\000i\000n\000g\000\040\000W\000i\000n\000d\000o\000w\000\040\000S\000t\000a\000t\000i\000s\000t\000i\000c\000s\000\051}{section.3.5}% 81
\BOOKMARK [2][-]{subsection.3.5.3}{\376\377\000F\000i\000t\000u\000r\000\040\000I\000n\000t\000e\000r\000a\000k\000s\000i\000\040\000P\000o\000l\000u\000t\000a\000n\000\040\000d\000a\000n\000\040\000K\000a\000r\000a\000k\000t\000e\000r\000i\000s\000t\000i\000k\000\040\000O\000k\000s\000i\000d\000a\000s\000i}{section.3.5}% 82
\BOOKMARK [2][-]{subsection.3.5.4}{\376\377\000F\000i\000t\000u\000r\000\040\000T\000e\000m\000p\000o\000r\000a\000l\000\040\000d\000a\000n\000\040\000S\000i\000k\000l\000u\000s\000\040\000A\000k\000t\000i\000v\000i\000t\000a\000s}{section.3.5}% 83
\BOOKMARK [1][-]{section.3.6}{\376\377\000A\000n\000a\000l\000i\000s\000i\000s\000\040\000K\000e\000b\000u\000t\000u\000h\000a\000n\000\040\000S\000i\000s\000t\000e\000m}{chapter.3}% 84
\BOOKMARK [2][-]{subsection.3.6.1}{\376\377\000I\000d\000e\000n\000t\000i\000f\000i\000k\000a\000s\000i\000\040\000M\000a\000s\000a\000l\000a\000h\000\040\000P\000e\000n\000g\000g\000u\000n\000a\000\040\000d\000a\000n\000\040\000P\000e\000m\000e\000t\000a\000a\000n\000\040\000R\000e\000g\000u\000l\000a\000s\000i}{section.3.6}% 85
\BOOKMARK [2][-]{subsection.3.6.2}{\376\377\000K\000e\000b\000u\000t\000u\000h\000a\000n\000\040\000F\000u\000n\000g\000s\000i\000o\000n\000a\000l}{section.3.6}% 86
\BOOKMARK [2][-]{subsection.3.6.3}{\376\377\000K\000e\000b\000u\000t\000u\000h\000a\000n\000\040\000N\000o\000n\000f\000u\000n\000g\000s\000i\000o\000n\000a\000l}{section.3.6}% 87
\BOOKMARK [1][-]{section.3.7}{\376\377\000A\000n\000a\000l\000i\000s\000i\000s\000\040\000P\000e\000m\000i\000l\000i\000h\000a\000n\000\040\000P\000a\000r\000a\000d\000i\000g\000m\000a\000\040\000M\000e\000l\000a\000l\000u\000i\000\040\000A\000n\000a\000l\000y\000t\000i\000c\000a\000l\000\040\000H\000i\000e\000r\000a\000r\000c\000h\000y\000\040\000P\000r\000o\000c\000e\000s\000s}{chapter.3}% 88
\BOOKMARK [2][-]{subsection.3.7.1}{\376\377\000J\000u\000s\000t\000i\000f\000i\000k\000a\000s\000i\000\040\000P\000e\000n\000g\000g\000u\000n\000a\000a\000n\000\040\000A\000H\000P\000\040\000S\000e\000b\000e\000l\000u\000m\000\040\000E\000v\000a\000l\000u\000a\000s\000i\000\040\000E\000m\000p\000i\000r\000i\000s}{section.3.7}% 89
\BOOKMARK [2][-]{subsection.3.7.2}{\376\377\000U\000j\000i\000\040\000K\000o\000n\000s\000i\000s\000t\000e\000n\000s\000i\000\040\000M\000a\000t\000r\000i\000k\000s}{section.3.7}% 90
\BOOKMARK [2][-]{subsection.3.7.3}{\376\377\000P\000e\000n\000i\000l\000a\000i\000a\000n\000\040\000A\000l\000t\000e\000r\000n\000a\000t\000i\000f\000\040\000B\000e\000r\000d\000a\000s\000a\000r\000k\000a\000n\000\040\000K\000r\000i\000t\000e\000r\000i\000a}{section.3.7}% 91
\BOOKMARK [3][-]{subsubsection.3.7.3.1}{\376\377\000E\000v\000a\000l\000u\000a\000s\000i\000\040\000T\000e\000r\000h\000a\000d\000a\000p\000\040\000I\000n\000t\000e\000r\000p\000r\000e\000t\000a\000b\000i\000l\000i\000t\000a\000s\000\040\000\050\000I\000N\000T\000\051}{subsection.3.7.3}% 92
\BOOKMARK [3][-]{subsubsection.3.7.3.2}{\376\377\000E\000v\000a\000l\000u\000a\000s\000i\000\040\000T\000e\000r\000h\000a\000d\000a\000p\000\040\000A\000k\000u\000r\000a\000s\000i\000\040\000\050\000A\000K\000R\000\051}{subsection.3.7.3}% 93
\BOOKMARK [3][-]{subsubsection.3.7.3.3}{\376\377\000E\000v\000a\000l\000u\000a\000s\000i\000\040\000T\000e\000r\000h\000a\000d\000a\000p\000\040\000P\000o\000l\000a\000\040\000K\000o\000m\000p\000l\000e\000k\000s\000\040\000\050\000P\000L\000K\000\051}{subsection.3.7.3}% 94
\BOOKMARK [3][-]{subsubsection.3.7.3.4}{\376\377\000E\000v\000a\000l\000u\000a\000s\000i\000\040\000T\000e\000r\000h\000a\000d\000a\000p\000\040\000E\000f\000i\000s\000i\000e\000n\000s\000i\000\040\000K\000o\000m\000p\000u\000t\000a\000s\000i\000\040\000\050\000K\000M\000P\000\051}{subsection.3.7.3}% 95
\BOOKMARK [3][-]{subsubsection.3.7.3.5}{\376\377\000E\000v\000a\000l\000u\000a\000s\000i\000\040\000T\000e\000r\000h\000a\000d\000a\000p\000\040\000K\000e\000m\000u\000d\000a\000h\000a\000n\000\040\000I\000m\000p\000l\000e\000m\000e\000n\000t\000a\000s\000i\000\040\000\050\000I\000M\000P\000\051}{subsection.3.7.3}% 96
\BOOKMARK [2][-]{subsection.3.7.4}{\376\377\000S\000i\000n\000t\000e\000s\000i\000s\000\040\000G\000l\000o\000b\000a\000l\000\040\000d\000a\000n\000\040\000S\000o\000l\000u\000s\000i\000\040\000T\000e\000r\000p\000i\000l\000i\000h}{section.3.7}% 97
\BOOKMARK [0][-]{chapter.4}{\376\377\000P\000E\000R\000A\000N\000C\000A\000N\000G\000A\000N}{}% 98
\BOOKMARK [1][-]{section.4.1}{\376\377\000A\000r\000s\000i\000t\000e\000k\000t\000u\000r\000\040\000K\000o\000n\000s\000e\000p\000t\000u\000a\000l\000\040\000S\000i\000s\000t\000e\000m}{chapter.4}% 99
\BOOKMARK [2][-]{subsection.4.1.1}{\376\377\000S\000i\000s\000t\000e\000m\000\040\000B\000e\000r\000j\000a\000l\000a\000n\000\040\000\050\000E\000x\000i\000s\000t\000i\000n\000g\000\040\000S\000i\000s\000t\000e\000m\000\051}{section.4.1}% 100
\BOOKMARK [2][-]{subsection.4.1.2}{\376\377\000A\000r\000s\000i\000t\000e\000k\000t\000u\000r\000\040\000U\000s\000u\000l\000a\000n\000\040\000\050\000P\000r\000o\000p\000o\000s\000e\000d\000\040\000S\000i\000s\000t\000e\000m\000\051}{section.4.1}% 101
\BOOKMARK [2][-]{subsection.4.1.3}{\376\377\000P\000e\000r\000b\000a\000n\000d\000i\000n\000g\000a\000n\000\040\000S\000i\000s\000t\000e\000m}{section.4.1}% 102
\BOOKMARK [1][-]{section.4.2}{\376\377\000D\000e\000s\000a\000i\000n\000\040\000D\000a\000t\000a\000\040\000P\000i\000p\000e\000l\000i\000n\000e\000\040\000d\000a\000n\000\040\000P\000e\000m\000o\000d\000e\000l\000a\000n\000\040\000U\000M\000L}{chapter.4}% 103
\BOOKMARK [2][-]{subsection.4.2.1}{\376\377\000D\000i\000a\000g\000r\000a\000m\000\040\000A\000l\000i\000r\000\040\000D\000a\000t\000a\000\040\000\050\000D\000F\000D\000\051}{section.4.2}% 104
\BOOKMARK [2][-]{subsection.4.2.2}{\376\377\000D\000e\000s\000a\000i\000n\000\040\000P\000r\000o\000s\000e\000s\000\040\000E\000T\000L\000\040\000\050\000E\000x\000t\000r\000a\000c\000t\000,\000\040\000T\000r\000a\000n\000s\000f\000o\000r\000m\000,\000\040\000L\000o\000a\000d\000\051}{section.4.2}% 105
\BOOKMARK [2][-]{subsection.4.2.3}{\376\377\000P\000r\000o\000s\000e\000d\000u\000r\000\040\000P\000e\000n\000c\000e\000g\000a\000h\000a\000n\000\040\000K\000e\000b\000o\000c\000o\000r\000a\000n\000\040\000D\000a\000t\000a\000\040\000\050\000D\000a\000t\000a\000\040\000L\000e\000a\000k\000a\000g\000e\000\040\000P\000r\000e\000v\000e\000n\000t\000i\000o\000n\000\051}{section.4.2}% 106
\BOOKMARK [2][-]{subsection.4.2.4}{\376\377\000A\000c\000t\000i\000v\000i\000t\000y\000\040\000D\000i\000a\000g\000r\000a\000m\000\040\000P\000e\000m\000o\000d\000e\000l\000a\000n\000\040\000H\000i\000b\000r\000i\000d\000a}{section.4.2}% 107
\BOOKMARK [2][-]{subsection.4.2.5}{\376\377\000S\000e\000q\000u\000e\000n\000c\000e\000\040\000D\000i\000a\000g\000r\000a\000m\000\040\000S\000i\000s\000t\000e\000m\000\040\000I\000n\000f\000e\000r\000e\000n\000s\000i\000\040\000B\000e\000r\000k\000a\000l\000a}{section.4.2}% 108
\BOOKMARK [1][-]{section.4.3}{\376\377\000S\000p\000e\000s\000i\000f\000i\000k\000a\000s\000i\000\040\000A\000l\000g\000o\000r\000i\000t\000m\000i\000k\000\040\000R\000e\000k\000a\000y\000a\000s\000a\000\040\000F\000i\000t\000u\000r}{chapter.4}% 109
\BOOKMARK [2][-]{subsection.4.3.1}{\376\377\000M\000a\000t\000r\000i\000k\000s\000\040\000T\000r\000a\000n\000s\000f\000o\000r\000m\000a\000s\000i\000\040\000F\000i\000t\000u\000r}{section.4.3}% 110
\BOOKMARK [2][-]{subsection.4.3.2}{\376\377\000L\000o\000g\000i\000k\000a\000\040\000P\000e\000m\000b\000a\000n\000g\000k\000i\000t\000a\000n\000\040\000F\000i\000t\000u\000r\000\040\000T\000e\000m\000p\000o\000r\000a\000l\000\040\000d\000a\000n\000\040\000I\000n\000t\000e\000r\000a\000k\000s\000i}{section.4.3}% 111
\BOOKMARK [2][-]{subsection.4.3.3}{\376\377\000M\000e\000k\000a\000n\000i\000s\000m\000e\000\040\000S\000t\000a\000n\000d\000a\000r\000d\000i\000s\000a\000s\000i\000\040\000S\000k\000a\000l\000a}{section.4.3}% 112
\BOOKMARK [1][-]{section.4.4}{\376\377\000D\000e\000s\000a\000i\000n\000\040\000A\000r\000s\000i\000t\000e\000k\000t\000u\000r\000\040\000H\000i\000b\000r\000i\000d\000a\000\040\000S\000e\000k\000u\000e\000n\000s\000i\000a\000l}{chapter.4}% 113
\BOOKMARK [2][-]{subsection.4.4.1}{\376\377\000D\000e\000s\000a\000i\000n\000\040\000F\000a\000s\000e\000\040\000P\000r\000i\000m\000e\000r\000\040\000\050\000R\000a\000n\000d\000o\000m\000\040\000F\000o\000r\000e\000s\000t\000\051}{section.4.4}% 114
\BOOKMARK [2][-]{subsection.4.4.2}{\376\377\000L\000o\000g\000i\000k\000a\000\040\000K\000a\000l\000k\000u\000l\000a\000s\000i\000\040\000R\000e\000s\000i\000d\000u\000\040\000T\000e\000m\000p\000o\000r\000a\000l}{section.4.4}% 115
\BOOKMARK [2][-]{subsection.4.4.3}{\376\377\000D\000e\000s\000a\000i\000n\000\040\000F\000a\000s\000e\000\040\000S\000e\000k\000u\000n\000d\000e\000r\000\040\000\050\000A\000R\000I\000M\000A\000\051}{section.4.4}% 116
\BOOKMARK [2][-]{subsection.4.4.4}{\376\377\000D\000e\000s\000a\000i\000n\000\040\000O\000r\000k\000e\000s\000t\000r\000a\000s\000i\000\040\000P\000e\000n\000y\000e\000t\000e\000l\000a\000n\000\040\000P\000a\000r\000a\000m\000e\000t\000e\000r\000\040\000M\000e\000n\000g\000g\000u\000n\000a\000k\000a\000n\000\040\000O\000p\000t\000u\000n\000a}{section.4.4}% 117
\BOOKMARK [2][-]{subsection.4.4.5}{\376\377\000J\000u\000s\000t\000i\000f\000i\000k\000a\000s\000i\000\040\000E\000f\000i\000s\000i\000e\000n\000s\000i\000\040\000O\000p\000t\000u\000n\000a\000\040\000p\000a\000d\000a\000\040\000R\000u\000a\000n\000g\000\040\000H\000i\000p\000e\000r\000p\000a\000r\000a\000m\000e\000t\000e\000r\000\040\000K\000o\000m\000b\000i\000n\000a\000s\000i}{section.4.4}% 118
\BOOKMARK [1][-]{section.4.5}{\376\377\000D\000e\000s\000a\000i\000n\000\040\000S\000k\000e\000n\000a\000r\000i\000o\000\040\000E\000k\000s\000p\000e\000r\000i\000m\000e\000n\000\040\000d\000a\000n\000\040\000V\000a\000l\000i\000d\000a\000s\000i}{chapter.4}% 119
\BOOKMARK [2][-]{subsection.4.5.1}{\376\377\000D\000e\000s\000a\000i\000n\000\040\000S\000t\000u\000d\000i\000\040\000A\000b\000l\000a\000s\000i\000\040\000\050\000A\000b\000l\000a\000t\000i\000o\000n\000\040\000S\000t\000u\000d\000y\000\051}{section.4.5}% 120
\BOOKMARK [2][-]{subsection.4.5.2}{\376\377\000S\000k\000e\000m\000a\000\040\000V\000a\000l\000i\000d\000a\000s\000i\000\040\000T\000i\000m\000e\000S\000e\000r\000i\000e\000s\000S\000p\000l\000i\000t\000\040\000\050\000F\000o\000r\000w\000a\000r\000d\000\040\000C\000h\000a\000i\000n\000i\000n\000g\000\051}{section.4.5}% 121
\BOOKMARK [1][-]{section.4.6}{\376\377\000D\000e\000s\000a\000i\000n\000\040\000M\000o\000d\000u\000l\000\040\000P\000e\000n\000j\000e\000l\000a\000s\000a\000n\000\040\000M\000o\000d\000e\000l\000\040\000d\000a\000n\000\040\000O\000u\000t\000p\000u\000t\000\040\000P\000e\000l\000a\000p\000o\000r\000a\000n}{chapter.4}% 122
\BOOKMARK [2][-]{subsection.4.6.1}{\376\377\000I\000n\000t\000e\000g\000r\000a\000s\000i\000\040\000T\000r\000e\000e\000S\000H\000A\000P\000\040\000p\000a\000d\000a\000\040\000P\000i\000p\000e\000l\000i\000n\000e\000\040\000I\000n\000f\000e\000r\000e\000n\000s\000i}{section.4.6}% 123
\BOOKMARK [2][-]{subsection.4.6.2}{\376\377\000D\000e\000s\000a\000i\000n\000\040\000L\000a\000p\000o\000r\000a\000n\000\040\000P\000r\000e\000d\000i\000k\000s\000i\000\040\000H\000a\000r\000i\000a\000n\000\040\000\050\000O\000u\000t\000p\000u\000t\000\040\000M\000o\000c\000k\000u\000p\000\051}{section.4.6}% 124
\BOOKMARK [0][-]{chapter.5}{\376\377\000I\000M\000P\000L\000E\000M\000E\000N\000T\000A\000S\000I}{}% 125
\BOOKMARK [1][-]{section.5.1}{\376\377\000L\000i\000n\000g\000k\000u\000n\000g\000a\000n\000\040\000I\000m\000p\000l\000e\000m\000e\000n\000t\000a\000s\000i}{chapter.5}% 126
\BOOKMARK [2][-]{subsection.5.1.1}{\376\377\000S\000p\000e\000s\000i\000f\000i\000k\000a\000s\000i\000\040\000P\000e\000r\000a\000n\000g\000k\000a\000t\000\040\000K\000e\000r\000a\000s\000\040\000d\000a\000n\000\040\000P\000e\000r\000a\000n\000g\000k\000a\000t\000\040\000L\000u\000n\000a\000k}{section.5.1}% 127
\BOOKMARK [2][-]{subsection.5.1.2}{\376\377\000I\000n\000i\000s\000i\000a\000l\000i\000s\000a\000s\000i\000\040\000P\000u\000s\000t\000a\000k\000a\000\040\000\050\000L\000i\000b\000r\000a\000r\000y\000\040\000I\000n\000i\000t\000i\000a\000l\000i\000z\000a\000t\000i\000o\000n\000\051}{section.5.1}% 128
\BOOKMARK [1][-]{section.5.2}{\376\377\000A\000k\000u\000i\000s\000i\000s\000i\000\040\000d\000a\000n\000\040\000E\000k\000s\000p\000l\000o\000r\000a\000s\000i\000\040\000D\000a\000t\000a\000\040\000A\000w\000a\000l\000\040\000\050\000E\000D\000A\000\051}{chapter.5}% 129
\BOOKMARK [2][-]{subsection.5.2.1}{\376\377\000P\000e\000m\000u\000a\000t\000a\000n\000\040\000d\000a\000n\000\040\000I\000m\000p\000u\000t\000a\000s\000i\000\040\000D\000e\000r\000e\000t\000\040\000W\000a\000k\000t\000u}{section.5.2}% 130
\BOOKMARK [2][-]{subsection.5.2.2}{\376\377\000A\000n\000a\000l\000i\000s\000i\000s\000\040\000D\000a\000t\000a\000\040\000H\000i\000l\000a\000n\000g\000\040\000\050\000M\000i\000s\000s\000i\000n\000g\000\040\000V\000a\000l\000u\000e\000s\000\051}{section.5.2}% 131
\BOOKMARK [2][-]{subsection.5.2.3}{\376\377\000D\000i\000s\000t\000r\000i\000b\000u\000s\000i\000\040\000d\000a\000n\000\040\000K\000e\000t\000e\000r\000k\000a\000i\000t\000a\000n\000\040\000A\000n\000t\000a\000r\000p\000o\000l\000u\000t\000a\000n}{section.5.2}% 132
\BOOKMARK [2][-]{subsection.5.2.4}{\376\377\000P\000l\000o\000t\000\040\000T\000r\000e\000n\000\040\000H\000i\000s\000t\000o\000r\000i\000s\000\040\000S\000t\000a\000s\000i\000u\000n\000\040\000\050\0002\0000\0001\0000\040\023\0002\0000\0002\0005\000\051}{section.5.2}% 133
\BOOKMARK [1][-]{section.5.3}{\376\377\000A\000n\000a\000l\000i\000s\000i\000s\000\040\000S\000t\000a\000s\000i\000o\000n\000e\000r\000i\000t\000a\000s\000\040\000d\000a\000n\000\040\000D\000e\000k\000o\000m\000p\000o\000s\000i\000s\000i\000\040\000M\000u\000s\000i\000m\000a\000n}{chapter.5}% 134
\BOOKMARK [2][-]{subsection.5.3.1}{\376\377\000K\000o\000r\000e\000l\000a\000s\000i\000\040\000S\000i\000l\000a\000n\000g\000\040\000\050\000C\000r\000o\000s\000s\000-\000C\000o\000r\000r\000e\000l\000a\000t\000i\000o\000n\000\040\000F\000u\000n\000c\000t\000i\000o\000n\000\040\000/\000\040\000C\000C\000F\000\051}{section.5.3}% 135
\BOOKMARK [2][-]{subsection.5.3.2}{\376\377\000D\000e\000k\000o\000m\000p\000o\000s\000i\000s\000i\000\040\000D\000e\000r\000e\000t\000\040\000W\000a\000k\000t\000u\000\040\000A\000d\000i\000t\000i\000f}{section.5.3}% 136
\BOOKMARK [2][-]{subsection.5.3.3}{\376\377\000U\000j\000i\000\040\000S\000t\000a\000s\000i\000o\000n\000e\000r\000i\000t\000a\000s\000\040\000\050\000A\000D\000F\000\040\000d\000a\000n\000\040\000K\000P\000S\000S\000\040\000T\000e\000s\000t\000\051}{section.5.3}% 137
\BOOKMARK [1][-]{section.5.4}{\376\377\000I\000m\000p\000l\000e\000m\000e\000n\000t\000a\000s\000i\000\040\000R\000e\000k\000a\000y\000a\000s\000a\000\040\000F\000i\000t\000u\000r\000\040\000\050\000F\000e\000a\000t\000u\000r\000e\000\040\000E\000n\000g\000i\000n\000e\000e\000r\000i\000n\000g\000\051}{chapter.5}% 138
\BOOKMARK [2][-]{subsection.5.4.1}{\376\377\000P\000e\000m\000b\000a\000n\000g\000k\000i\000t\000a\000n\000\040\000M\000a\000t\000r\000i\000k\000s\000\040\000F\000i\000t\000u\000r\000\040\000K\000o\000m\000p\000o\000s\000i\000t}{section.5.4}% 139
\BOOKMARK [1][-]{section.5.5}{\376\377\000S\000k\000e\000m\000a\000\040\000V\000a\000l\000i\000d\000a\000s\000i\000\040\000d\000a\000n\000\040\000P\000e\000m\000i\000s\000a\000h\000a\000n\000\040\000D\000a\000t\000a}{chapter.5}% 140
\BOOKMARK [2][-]{subsection.5.5.1}{\376\377\000P\000e\000m\000i\000s\000a\000h\000a\000n\000\040\000S\000e\000t\000\040\000P\000e\000l\000a\000t\000i\000h\000a\000n\000\040\000d\000a\000n\000\040\000P\000e\000n\000g\000u\000j\000i\000a\000n}{section.5.5}% 141
\BOOKMARK [2][-]{subsection.5.5.2}{\376\377\000V\000a\000l\000i\000d\000a\000s\000i\000\040\000S\000i\000l\000a\000n\000g\000\040\000D\000e\000r\000e\000t\000\040\000W\000a\000k\000t\000u\000\040\000\050\000T\000i\000m\000e\000S\000e\000r\000i\000e\000s\000S\000p\000l\000i\000t\000\051}{section.5.5}% 142
\BOOKMARK [1][-]{section.5.6}{\376\377\000I\000m\000p\000l\000e\000m\000e\000n\000t\000a\000s\000i\000\040\000M\000o\000d\000e\000l\000\040\000H\000i\000b\000r\000i\000d\000a\000\040\000S\000e\000k\000u\000e\000n\000s\000i\000a\000l}{chapter.5}% 143
\BOOKMARK [2][-]{subsection.5.6.1}{\376\377\000F\000a\000s\000e\000\040\000P\000r\000i\000m\000e\000r\000\040\000d\000a\000n\000\040\000P\000e\000n\000y\000e\000t\000e\000l\000a\000n\000\040\000P\000a\000r\000a\000m\000e\000t\000e\000r\000\040\000m\000e\000n\000g\000g\000u\000n\000a\000k\000a\000n\000\040\000O\000p\000t\000u\000n\000a}{section.5.6}% 144
\BOOKMARK [2][-]{subsection.5.6.2}{\376\377\000E\000k\000s\000t\000r\000a\000k\000s\000i\000\040\000R\000e\000s\000i\000d\000u\000\040\000d\000a\000n\000\040\000P\000e\000m\000o\000d\000e\000l\000a\000n\000\040\000F\000a\000s\000e\000\040\000S\000e\000k\000u\000n\000d\000e\000r}{section.5.6}% 145
\BOOKMARK [0][-]{chapter.6}{\376\377\000E\000V\000A\000L\000U\000A\000S\000I}{}% 146
\BOOKMARK [1][-]{section.6.1}{\376\377\000M\000e\000t\000o\000d\000o\000l\000o\000g\000i\000\040\000d\000a\000n\000\040\000M\000e\000t\000r\000i\000k\000\040\000E\000v\000a\000l\000u\000a\000s\000i\000\040\000E\000k\000s\000p\000e\000r\000i\000m\000e\000n}{chapter.6}% 147
\BOOKMARK [2][-]{subsection.6.1.1}{\376\377\000M\000e\000t\000r\000i\000k\000\040\000E\000v\000a\000l\000u\000a\000s\000i\000\040\000S\000t\000a\000t\000i\000s\000t\000i\000k}{section.6.1}% 148
\BOOKMARK [2][-]{subsection.6.1.2}{\376\377\000S\000k\000e\000n\000a\000r\000i\000o\000\040\000P\000e\000m\000b\000a\000n\000d\000i\000n\000g\000\040\000\050\000B\000e\000n\000c\000h\000m\000a\000r\000k\000s\000\051}{section.6.1}% 149
\BOOKMARK [1][-]{section.6.2}{\376\377\000L\000a\000p\000o\000r\000a\000n\000\040\000H\000a\000s\000i\000l\000\040\000E\000k\000s\000p\000e\000r\000i\000m\000e\000n\000\040\000d\000a\000n\000\040\000K\000o\000m\000p\000u\000t\000a\000s\000i}{chapter.6}% 150
\BOOKMARK [2][-]{subsection.6.2.1}{\376\377\000H\000a\000s\000i\000l\000\040\000S\000t\000u\000d\000i\000\040\000A\000b\000l\000a\000s\000i\000\040\000d\000a\000n\000\040\000J\000u\000s\000t\000i\000f\000i\000k\000a\000s\000i\000\040\000F\000i\000t\000u\000r}{section.6.2}% 151
\BOOKMARK [2][-]{subsection.6.2.2}{\376\377\000P\000e\000r\000b\000a\000n\000d\000i\000n\000g\000a\000n\000\040\000P\000e\000r\000f\000o\000r\000m\000a\000\040\000L\000i\000n\000t\000a\000s\000\040\000A\000r\000s\000i\000t\000e\000k\000t\000u\000r}{section.6.2}% 152
\BOOKMARK [2][-]{subsection.6.2.3}{\376\377\000H\000a\000s\000i\000l\000\040\000P\000e\000n\000y\000e\000t\000e\000l\000a\000n\000\040\000P\000a\000r\000a\000m\000e\000t\000e\000r\000\040\000\050\000O\000p\000t\000u\000n\000a\000\051}{section.6.2}% 153
\BOOKMARK [2][-]{subsection.6.2.4}{\376\377\000E\000v\000a\000l\000u\000a\000s\000i\000\040\000S\000p\000a\000s\000i\000a\000l\000\040\000p\000e\000r\000\040\000S\000t\000a\000s\000i\000u\000n\000\040\000P\000e\000m\000a\000n\000t\000a\000u}{section.6.2}% 154
\BOOKMARK [2][-]{subsection.6.2.5}{\376\377\000A\000n\000a\000l\000i\000s\000i\000s\000\040\000K\000o\000m\000p\000l\000e\000k\000s\000i\000t\000a\000s\000\040\000W\000a\000k\000t\000u\000\040\000K\000o\000m\000p\000u\000t\000a\000s\000i}{section.6.2}% 155
\BOOKMARK [1][-]{section.6.3}{\376\377\000A\000n\000a\000l\000i\000s\000i\000s\000\040\000K\000o\000m\000p\000r\000e\000h\000e\000n\000s\000i\000f\000\040\000d\000a\000n\000\040\000P\000e\000m\000b\000a\000h\000a\000s\000a\000n}{chapter.6}% 156
\BOOKMARK [2][-]{subsection.6.3.1}{\376\377\000I\000n\000t\000e\000r\000p\000r\000e\000t\000a\000s\000i\000\040\000A\000t\000r\000i\000b\000u\000s\000i\000\040\000F\000i\000t\000u\000r\000\040\000G\000l\000o\000b\000a\000l\000\040\000d\000a\000n\000\040\000L\000o\000k\000a\000l\000\040\000\050\000S\000H\000A\000P\000\051}{section.6.3}% 157
\BOOKMARK [2][-]{subsection.6.3.2}{\376\377\000A\000n\000a\000l\000i\000s\000i\000s\000\040\000I\000n\000t\000e\000r\000a\000k\000s\000i\000\040\000F\000o\000t\000o\000k\000i\000m\000i\000a\000w\000i\000\040\000d\000a\000n\000\040\000M\000u\000s\000i\000m\000a\000n\000\040\000B\000e\000r\000b\000a\000s\000i\000s\000\040\000P\000e\000n\000g\000e\000t\000a\000h\000u\000a\000n\000\040\000D\000o\000m\000a\000i\000n}{section.6.3}% 158
\BOOKMARK [2][-]{subsection.6.3.3}{\376\377\000E\000v\000a\000l\000u\000a\000s\000i\000\040\000M\000o\000d\000e\000l\000\040\000H\000i\000b\000r\000i\000d\000a\000\040\000p\000a\000d\000a\000\040\000K\000o\000n\000d\000i\000s\000i\000\040\000P\000o\000l\000u\000s\000i\000\040\000E\000k\000s\000t\000r\000e\000m}{section.6.3}% 159
\BOOKMARK [2][-]{subsection.6.3.4}{\376\377\000D\000i\000s\000k\000u\000s\000i\000\040\000F\000e\000n\000o\000m\000e\000n\000a\000\040\000S\000p\000a\000s\000i\000a\000l\000\040\000d\000a\000n\000\040\000K\000a\000r\000a\000k\000t\000e\000r\000i\000s\000t\000i\000k\000\040\000A\000r\000s\000i\000t\000e\000k\000t\000u\000r}{section.6.3}% 160
\BOOKMARK [0][-]{chapter.7}{\376\377\000P\000E\000N\000U\000T\000U\000P}{}% 161
\BOOKMARK [1][-]{section.7.1}{\376\377\000K\000e\000s\000i\000m\000p\000u\000l\000a\000n}{chapter.7}% 162
\BOOKMARK [1][-]{section.7.2}{\376\377\000S\000a\000r\000a\000n}{chapter.7}% 163
\BOOKMARK [0][-]{appendix.1.A}{\376\377\000L\000a\000m\000p\000i\000r\000a\000n\000\040\000K\000O\000D\000E\000\040\000P\000R\000O\000G\000R\000A\000M}{}% 164
